Archive member included because of file (symbol)

c:/program files (x86)/atmel/atmel studio 6.0/extensions/atmel/avrgcc/3.4.1.95/avrtoolchain/bin/../lib/gcc/avr/4.6.2/avr51\libgcc.a(_mulsi3.o)
                              stack/sys/src/sysTimer.o (__mulsi3)
c:/program files (x86)/atmel/atmel studio 6.0/extensions/atmel/avrgcc/3.4.1.95/avrtoolchain/bin/../lib/gcc/avr/4.6.2/avr51\libgcc.a(_udivmodsi4.o)
                              stack/hal/atmega128rfa1/src/halSleep.o (__udivmodsi4)
c:/program files (x86)/atmel/atmel studio 6.0/extensions/atmel/avrgcc/3.4.1.95/avrtoolchain/bin/../lib/gcc/avr/4.6.2/avr51\libgcc.a(_exit.o)
                              c:/program files (x86)/atmel/atmel studio 6.0/extensions/atmel/avrgcc/3.4.1.95/avrtoolchain/bin/../lib/gcc/avr/4.6.2/../../../../avr/lib/avr51/crtm128rfa1.o (exit)
c:/program files (x86)/atmel/atmel studio 6.0/extensions/atmel/avrgcc/3.4.1.95/avrtoolchain/bin/../lib/gcc/avr/4.6.2/avr51\libgcc.a(_copy_data.o)
                              stack/hal/atmega128rfa1/src/hal.o (__do_copy_data)
c:/program files (x86)/atmel/atmel studio 6.0/extensions/atmel/avrgcc/3.4.1.95/avrtoolchain/bin/../lib/gcc/avr/4.6.2/avr51\libgcc.a(_clear_bss.o)
                              stack/hal/atmega128rfa1/src/hal.o (__do_clear_bss)
c:/program files (x86)/atmel/atmel studio 6.0/extensions/atmel/avrgcc/3.4.1.95/avrtoolchain/bin/../lib/gcc/avr/4.6.2/../../../../avr/lib/avr51\libc.a(memcpy.o)
                              stack/nwk/src/nwkDataReq.o (memcpy)
c:/program files (x86)/atmel/atmel studio 6.0/extensions/atmel/avrgcc/3.4.1.95/avrtoolchain/bin/../lib/gcc/avr/4.6.2/../../../../avr/lib/avr51\libc.a(eerd_word_atmega128rfa1.o)
                              ModuleTest.o (__eerd_word_m128rfa1)
c:/program files (x86)/atmel/atmel studio 6.0/extensions/atmel/avrgcc/3.4.1.95/avrtoolchain/bin/../lib/gcc/avr/4.6.2/../../../../avr/lib/avr51\libc.a(eewr_word_atmega128rfa1.o)
                              ModuleTest.o (__eewr_word_m128rfa1)
c:/program files (x86)/atmel/atmel studio 6.0/extensions/atmel/avrgcc/3.4.1.95/avrtoolchain/bin/../lib/gcc/avr/4.6.2/../../../../avr/lib/avr51\libc.a(eerd_block_atmega128rfa1.o)
                              c:/program files (x86)/atmel/atmel studio 6.0/extensions/atmel/avrgcc/3.4.1.95/avrtoolchain/bin/../lib/gcc/avr/4.6.2/../../../../avr/lib/avr51\libc.a(eerd_word_atmega128rfa1.o) (__eerd_blraw_m128rfa1)
c:/program files (x86)/atmel/atmel studio 6.0/extensions/atmel/avrgcc/3.4.1.95/avrtoolchain/bin/../lib/gcc/avr/4.6.2/../../../../avr/lib/avr51\libc.a(eewr_byte_atmega128rfa1.o)
                              c:/program files (x86)/atmel/atmel studio 6.0/extensions/atmel/avrgcc/3.4.1.95/avrtoolchain/bin/../lib/gcc/avr/4.6.2/../../../../avr/lib/avr51\libc.a(eewr_word_atmega128rfa1.o) (__eewr_byte_m128rfa1)

Allocating common symbols
Common symbol       size              file

nwkIb               0xe               stack/nwk/src/nwk.o
halTimerIrqCount    0x1               stack/hal/atmega128rfa1/src/halTimer.o

Discarded input sections

 .bss           0x00000000        0x0 c:/program files (x86)/atmel/atmel studio 6.0/extensions/atmel/avrgcc/3.4.1.95/avrtoolchain/bin/../lib/gcc/avr/4.6.2/../../../../avr/lib/avr51/crtm128rfa1.o
 .text          0x00000000        0x0 stack/hal/atmega128rfa1/src/hal.o
 .bss           0x00000000        0x0 stack/hal/atmega128rfa1/src/hal.o
 .text.HAL_Delay
                0x00000000        0x8 stack/hal/atmega128rfa1/src/hal.o
 .text          0x00000000        0x0 stack/hal/atmega128rfa1/src/halTimer.o
 .bss           0x00000000        0x0 stack/hal/atmega128rfa1/src/halTimer.o
 .text.HAL_TimerDelay
                0x00000000       0x68 stack/hal/atmega128rfa1/src/halTimer.o
 .text          0x00000000        0x0 stack/phy/atmega128rfa1/src/phy.o
 .bss           0x00000000        0x0 stack/phy/atmega128rfa1/src/phy.o
 .text.PHY_Sleep
                0x00000000       0x18 stack/phy/atmega128rfa1/src/phy.o
 .text.PHY_Wakeup
                0x00000000       0x16 stack/phy/atmega128rfa1/src/phy.o
 .text          0x00000000        0x0 stack/hal/atmega128rfa1/src/halSleep.o
 .bss           0x00000000        0x0 stack/hal/atmega128rfa1/src/halSleep.o
 .text.HAL_Sleep
                0x00000000       0xfe stack/hal/atmega128rfa1/src/halSleep.o
 .text          0x00000000        0x0 stack/hal/atmega128rfa1/src/halUart.o
 .bss           0x00000000        0x0 stack/hal/atmega128rfa1/src/halUart.o
 .text.HAL_UartInit
                0x00000000       0xbe stack/hal/atmega128rfa1/src/halUart.o
 .text.HAL_UartWriteByte
                0x00000000       0x54 stack/hal/atmega128rfa1/src/halUart.o
 .text.HAL_UartReadByte
                0x00000000       0x5c stack/hal/atmega128rfa1/src/halUart.o
 .text.HAL_UartTaskHandler
                0x00000000       0x8e stack/hal/atmega128rfa1/src/halUart.o
 .bss.txFifo    0x00000000        0xa stack/hal/atmega128rfa1/src/halUart.o
 .bss.txData    0x00000000       0xc9 stack/hal/atmega128rfa1/src/halUart.o
 .bss.rxData    0x00000000       0xc9 stack/hal/atmega128rfa1/src/halUart.o
 .text          0x00000000        0x0 stack/nwk/src/nwk.o
 .bss           0x00000000        0x0 stack/nwk/src/nwk.o
 .text.NWK_Busy
                0x00000000       0x2a stack/nwk/src/nwk.o
 .text.NWK_SleepReq
                0x00000000        0x6 stack/nwk/src/nwk.o
 .text.NWK_WakeupReq
                0x00000000        0x6 stack/nwk/src/nwk.o
 .text          0x00000000        0x0 stack/nwk/src/nwkDataReq.o
 .bss           0x00000000        0x0 stack/nwk/src/nwkDataReq.o
 .text.nwkDataReqBusy
                0x00000000       0x14 stack/nwk/src/nwkDataReq.o
 .text          0x00000000        0x0 stack/nwk/src/nwkSecurity.o
 .bss           0x00000000        0x0 stack/nwk/src/nwkSecurity.o
 .text          0x00000000        0x0 stack/nwk/src/nwkFrame.o
 .bss           0x00000000        0x0 stack/nwk/src/nwkFrame.o
 .text          0x00000000        0x0 stack/nwk/src/nwkRoute.o
 .bss           0x00000000        0x0 stack/nwk/src/nwkRoute.o
 .text.NWK_RouteNextHop
                0x00000000        0x6 stack/nwk/src/nwkRoute.o
 .text          0x00000000        0x0 stack/nwk/src/nwkRx.o
 .bss           0x00000000        0x0 stack/nwk/src/nwkRx.o
 .text.NWK_SetAckControl
                0x00000000        0x6 stack/nwk/src/nwkRx.o
 .text.nwkRxBusy
                0x00000000        0xe stack/nwk/src/nwkRx.o
 .text          0x00000000        0x0 stack/nwk/src/nwkTx.o
 .bss           0x00000000        0x0 stack/nwk/src/nwkTx.o
 .text.nwkTxBusy
                0x00000000        0xe stack/nwk/src/nwkTx.o
 .text          0x00000000        0x0 stack/sys/src/sys.o
 .bss           0x00000000        0x0 stack/sys/src/sys.o
 .text          0x00000000        0x0 stack/sys/src/sysTimer.o
 .bss           0x00000000        0x0 stack/sys/src/sysTimer.o
 .text.SYS_TimerStop
                0x00000000       0x72 stack/sys/src/sysTimer.o
 .text          0x00000000        0x0 stack/sys/src/sysEncrypt.o
 .bss           0x00000000        0x0 stack/sys/src/sysEncrypt.o
 .bss           0x00000000        0x0 LED2812.o
 .text          0x00000000        0x0 ModuleTest.o
 .bss           0x00000000        0x0 ModuleTest.o
 .bss           0x00000000        0x0 OutPortE.o
 .text          0x00000000        0x0 c:/program files (x86)/atmel/atmel studio 6.0/extensions/atmel/avrgcc/3.4.1.95/avrtoolchain/bin/../lib/gcc/avr/4.6.2/avr51\libgcc.a(_mulsi3.o)
 .bss           0x00000000        0x0 c:/program files (x86)/atmel/atmel studio 6.0/extensions/atmel/avrgcc/3.4.1.95/avrtoolchain/bin/../lib/gcc/avr/4.6.2/avr51\libgcc.a(_mulsi3.o)
 .text          0x00000000        0x0 c:/program files (x86)/atmel/atmel studio 6.0/extensions/atmel/avrgcc/3.4.1.95/avrtoolchain/bin/../lib/gcc/avr/4.6.2/avr51\libgcc.a(_udivmodsi4.o)
 .bss           0x00000000        0x0 c:/program files (x86)/atmel/atmel studio 6.0/extensions/atmel/avrgcc/3.4.1.95/avrtoolchain/bin/../lib/gcc/avr/4.6.2/avr51\libgcc.a(_udivmodsi4.o)
 .text.libgcc   0x00000000       0x44 c:/program files (x86)/atmel/atmel studio 6.0/extensions/atmel/avrgcc/3.4.1.95/avrtoolchain/bin/../lib/gcc/avr/4.6.2/avr51\libgcc.a(_udivmodsi4.o)
 .text          0x00000000        0x0 c:/program files (x86)/atmel/atmel studio 6.0/extensions/atmel/avrgcc/3.4.1.95/avrtoolchain/bin/../lib/gcc/avr/4.6.2/avr51\libgcc.a(_exit.o)
 .bss           0x00000000        0x0 c:/program files (x86)/atmel/atmel studio 6.0/extensions/atmel/avrgcc/3.4.1.95/avrtoolchain/bin/../lib/gcc/avr/4.6.2/avr51\libgcc.a(_exit.o)
 .text.libgcc   0x00000000        0x0 c:/program files (x86)/atmel/atmel studio 6.0/extensions/atmel/avrgcc/3.4.1.95/avrtoolchain/bin/../lib/gcc/avr/4.6.2/avr51\libgcc.a(_exit.o)
 .text          0x00000000        0x0 c:/program files (x86)/atmel/atmel studio 6.0/extensions/atmel/avrgcc/3.4.1.95/avrtoolchain/bin/../lib/gcc/avr/4.6.2/avr51\libgcc.a(_copy_data.o)
 .bss           0x00000000        0x0 c:/program files (x86)/atmel/atmel studio 6.0/extensions/atmel/avrgcc/3.4.1.95/avrtoolchain/bin/../lib/gcc/avr/4.6.2/avr51\libgcc.a(_copy_data.o)
 .text.libgcc   0x00000000        0x0 c:/program files (x86)/atmel/atmel studio 6.0/extensions/atmel/avrgcc/3.4.1.95/avrtoolchain/bin/../lib/gcc/avr/4.6.2/avr51\libgcc.a(_copy_data.o)
 .text          0x00000000        0x0 c:/program files (x86)/atmel/atmel studio 6.0/extensions/atmel/avrgcc/3.4.1.95/avrtoolchain/bin/../lib/gcc/avr/4.6.2/avr51\libgcc.a(_clear_bss.o)
 .bss           0x00000000        0x0 c:/program files (x86)/atmel/atmel studio 6.0/extensions/atmel/avrgcc/3.4.1.95/avrtoolchain/bin/../lib/gcc/avr/4.6.2/avr51\libgcc.a(_clear_bss.o)
 .text.libgcc   0x00000000        0x0 c:/program files (x86)/atmel/atmel studio 6.0/extensions/atmel/avrgcc/3.4.1.95/avrtoolchain/bin/../lib/gcc/avr/4.6.2/avr51\libgcc.a(_clear_bss.o)
 .text          0x00000000        0x0 c:/program files (x86)/atmel/atmel studio 6.0/extensions/atmel/avrgcc/3.4.1.95/avrtoolchain/bin/../lib/gcc/avr/4.6.2/../../../../avr/lib/avr51\libc.a(memcpy.o)
 .bss           0x00000000        0x0 c:/program files (x86)/atmel/atmel studio 6.0/extensions/atmel/avrgcc/3.4.1.95/avrtoolchain/bin/../lib/gcc/avr/4.6.2/../../../../avr/lib/avr51\libc.a(memcpy.o)
 .text          0x00000000        0x0 c:/program files (x86)/atmel/atmel studio 6.0/extensions/atmel/avrgcc/3.4.1.95/avrtoolchain/bin/../lib/gcc/avr/4.6.2/../../../../avr/lib/avr51\libc.a(eerd_word_atmega128rfa1.o)
 .bss           0x00000000        0x0 c:/program files (x86)/atmel/atmel studio 6.0/extensions/atmel/avrgcc/3.4.1.95/avrtoolchain/bin/../lib/gcc/avr/4.6.2/../../../../avr/lib/avr51\libc.a(eerd_word_atmega128rfa1.o)
 .text          0x00000000        0x0 c:/program files (x86)/atmel/atmel studio 6.0/extensions/atmel/avrgcc/3.4.1.95/avrtoolchain/bin/../lib/gcc/avr/4.6.2/../../../../avr/lib/avr51\libc.a(eewr_word_atmega128rfa1.o)
 .bss           0x00000000        0x0 c:/program files (x86)/atmel/atmel studio 6.0/extensions/atmel/avrgcc/3.4.1.95/avrtoolchain/bin/../lib/gcc/avr/4.6.2/../../../../avr/lib/avr51\libc.a(eewr_word_atmega128rfa1.o)
 .text          0x00000000        0x0 c:/program files (x86)/atmel/atmel studio 6.0/extensions/atmel/avrgcc/3.4.1.95/avrtoolchain/bin/../lib/gcc/avr/4.6.2/../../../../avr/lib/avr51\libc.a(eerd_block_atmega128rfa1.o)
 .bss           0x00000000        0x0 c:/program files (x86)/atmel/atmel studio 6.0/extensions/atmel/avrgcc/3.4.1.95/avrtoolchain/bin/../lib/gcc/avr/4.6.2/../../../../avr/lib/avr51\libc.a(eerd_block_atmega128rfa1.o)
 .text          0x00000000        0x0 c:/program files (x86)/atmel/atmel studio 6.0/extensions/atmel/avrgcc/3.4.1.95/avrtoolchain/bin/../lib/gcc/avr/4.6.2/../../../../avr/lib/avr51\libc.a(eewr_byte_atmega128rfa1.o)
 .bss           0x00000000        0x0 c:/program files (x86)/atmel/atmel studio 6.0/extensions/atmel/avrgcc/3.4.1.95/avrtoolchain/bin/../lib/gcc/avr/4.6.2/../../../../avr/lib/avr51\libc.a(eewr_byte_atmega128rfa1.o)

Memory Configuration

Name             Origin             Length             Attributes
text             0x00000000         0x00020000         xr
data             0x00800100         0x0000ff00         rw !x
eeprom           0x00810000         0x00010000         rw !x
fuse             0x00820000         0x00000400         rw !x
lock             0x00830000         0x00000400         rw !x
signature        0x00840000         0x00000400         rw !x
*default*        0x00000000         0xffffffff

Linker script and memory map

Address of section .data set to 0x800200
LOAD c:/program files (x86)/atmel/atmel studio 6.0/extensions/atmel/avrgcc/3.4.1.95/avrtoolchain/bin/../lib/gcc/avr/4.6.2/../../../../avr/lib/avr51/crtm128rfa1.o
LOAD stack/hal/atmega128rfa1/src/hal.o
LOAD stack/hal/atmega128rfa1/src/halTimer.o
LOAD stack/phy/atmega128rfa1/src/phy.o
LOAD stack/hal/atmega128rfa1/src/halSleep.o
LOAD stack/hal/atmega128rfa1/src/halUart.o
LOAD stack/nwk/src/nwk.o
LOAD stack/nwk/src/nwkDataReq.o
LOAD stack/nwk/src/nwkSecurity.o
LOAD stack/nwk/src/nwkFrame.o
LOAD stack/nwk/src/nwkRoute.o
LOAD stack/nwk/src/nwkRx.o
LOAD stack/nwk/src/nwkTx.o
LOAD stack/sys/src/sys.o
LOAD stack/sys/src/sysTimer.o
LOAD stack/sys/src/sysEncrypt.o
LOAD LED2812.o
LOAD ModuleTest.o
LOAD OutPortE.o
START GROUP
END GROUP
LOAD c:/program files (x86)/atmel/atmel studio 6.0/extensions/atmel/avrgcc/3.4.1.95/avrtoolchain/bin/../lib/gcc/avr/4.6.2/avr51\libgcc.a
LOAD c:/program files (x86)/atmel/atmel studio 6.0/extensions/atmel/avrgcc/3.4.1.95/avrtoolchain/bin/../lib/gcc/avr/4.6.2/../../../../avr/lib/avr51\libc.a
LOAD c:/program files (x86)/atmel/atmel studio 6.0/extensions/atmel/avrgcc/3.4.1.95/avrtoolchain/bin/../lib/gcc/avr/4.6.2/avr51\libgcc.a

.hash
 *(.hash)

.dynsym
 *(.dynsym)

.dynstr
 *(.dynstr)

.gnu.version
 *(.gnu.version)

.gnu.version_d
 *(.gnu.version_d)

.gnu.version_r
 *(.gnu.version_r)

.rel.init
 *(.rel.init)

.rela.init
 *(.rela.init)

.rel.text
 *(.rel.text)
 *(.rel.text.*)
 *(.rel.gnu.linkonce.t*)

.rela.text
 *(.rela.text)
 *(.rela.text.*)
 *(.rela.gnu.linkonce.t*)

.rel.fini
 *(.rel.fini)

.rela.fini
 *(.rela.fini)

.rel.rodata
 *(.rel.rodata)
 *(.rel.rodata.*)
 *(.rel.gnu.linkonce.r*)

.rela.rodata
 *(.rela.rodata)
 *(.rela.rodata.*)
 *(.rela.gnu.linkonce.r*)

.rel.data
 *(.rel.data)
 *(.rel.data.*)
 *(.rel.gnu.linkonce.d*)

.rela.data
 *(.rela.data)
 *(.rela.data.*)
 *(.rela.gnu.linkonce.d*)

.rel.ctors
 *(.rel.ctors)

.rela.ctors
 *(.rela.ctors)

.rel.dtors
 *(.rel.dtors)

.rela.dtors
 *(.rela.dtors)

.rel.got
 *(.rel.got)

.rela.got
 *(.rela.got)

.rel.bss
 *(.rel.bss)

.rela.bss
 *(.rela.bss)

.rel.plt
 *(.rel.plt)

.rela.plt
 *(.rela.plt)

.text           0x00000000     0x1992
 *(.vectors)
 .vectors       0x00000000      0x120 c:/program files (x86)/atmel/atmel studio 6.0/extensions/atmel/avrgcc/3.4.1.95/avrtoolchain/bin/../lib/gcc/avr/4.6.2/../../../../avr/lib/avr51/crtm128rfa1.o
                0x00000000                __vector_default
                0x00000000                __vectors
 *(.vectors)
 *(.progmem.gcc*)
 *(.progmem*)
                0x00000120                . = ALIGN (0x2)
                0x00000120                __trampolines_start = .
 *(.trampolines)
 .trampolines   0x00000120        0x0 linker stubs
 *(.trampolines*)
                0x00000120                __trampolines_end = .
 *(.jumptables)
 *(.jumptables*)
 *(.lowtext)
 *(.lowtext*)
                0x00000120                __ctors_start = .
 *(.ctors)
                0x00000120                __ctors_end = .
                0x00000120                __dtors_start = .
 *(.dtors)
                0x00000120                __dtors_end = .
 SORT(*)(.ctors)
 SORT(*)(.dtors)
 *(.init0)
 .init0         0x00000120        0x0 c:/program files (x86)/atmel/atmel studio 6.0/extensions/atmel/avrgcc/3.4.1.95/avrtoolchain/bin/../lib/gcc/avr/4.6.2/../../../../avr/lib/avr51/crtm128rfa1.o
                0x00000120                __init
 *(.init0)
 *(.init1)
 *(.init1)
 *(.init2)
 .init2         0x00000120        0xc c:/program files (x86)/atmel/atmel studio 6.0/extensions/atmel/avrgcc/3.4.1.95/avrtoolchain/bin/../lib/gcc/avr/4.6.2/../../../../avr/lib/avr51/crtm128rfa1.o
 *(.init2)
 *(.init3)
 *(.init3)
 *(.init4)
 .init4         0x0000012c       0x1c c:/program files (x86)/atmel/atmel studio 6.0/extensions/atmel/avrgcc/3.4.1.95/avrtoolchain/bin/../lib/gcc/avr/4.6.2/avr51\libgcc.a(_copy_data.o)
                0x0000012c                __do_copy_data
 .init4         0x00000148       0x10 c:/program files (x86)/atmel/atmel studio 6.0/extensions/atmel/avrgcc/3.4.1.95/avrtoolchain/bin/../lib/gcc/avr/4.6.2/avr51\libgcc.a(_clear_bss.o)
                0x00000148                __do_clear_bss
 *(.init4)
 *(.init5)
 *(.init5)
 *(.init6)
 *(.init6)
 *(.init7)
 *(.init7)
 *(.init8)
 *(.init8)
 *(.init9)
 .init9         0x00000158        0x8 c:/program files (x86)/atmel/atmel studio 6.0/extensions/atmel/avrgcc/3.4.1.95/avrtoolchain/bin/../lib/gcc/avr/4.6.2/../../../../avr/lib/avr51/crtm128rfa1.o
 *(.init9)
 *(.text)
 .text          0x00000160        0x4 c:/program files (x86)/atmel/atmel studio 6.0/extensions/atmel/avrgcc/3.4.1.95/avrtoolchain/bin/../lib/gcc/avr/4.6.2/../../../../avr/lib/avr51/crtm128rfa1.o
                0x00000160                __vector_38
                0x00000160                __vector_22
                0x00000160                __vector_28
                0x00000160                __vector_67
                0x00000160                __vector_1
                0x00000160                __vector_32
                0x00000160                __vector_71
                0x00000160                __vector_34
                0x00000160                __vector_62
                0x00000160                __vector_24
                0x00000160                __vector_12
                0x00000160                __vector_55
                0x00000160                __vector_69
                0x00000160                __vector_46
                0x00000160                __bad_interrupt
                0x00000160                __vector_6
                0x00000160                __vector_31
                0x00000160                __vector_35
                0x00000160                __vector_39
                0x00000160                __vector_3
                0x00000160                __vector_23
                0x00000160                __vector_68
                0x00000160                __vector_30
                0x00000160                __vector_45
                0x00000160                __vector_25
                0x00000160                __vector_11
                0x00000160                __vector_54
                0x00000160                __vector_17
                0x00000160                __vector_19
                0x00000160                __vector_56
                0x00000160                __vector_7
                0x00000160                __vector_49
                0x00000160                __vector_41
                0x00000160                __vector_64
                0x00000160                __vector_27
                0x00000160                __vector_5
                0x00000160                __vector_33
                0x00000160                __vector_47
                0x00000160                __vector_52
                0x00000160                __vector_4
                0x00000160                __vector_44
                0x00000160                __vector_51
                0x00000160                __vector_9
                0x00000160                __vector_2
                0x00000160                __vector_21
                0x00000160                __vector_15
                0x00000160                __vector_66
                0x00000160                __vector_58
                0x00000160                __vector_70
                0x00000160                __vector_29
                0x00000160                __vector_40
                0x00000160                __vector_8
                0x00000160                __vector_26
                0x00000160                __vector_48
                0x00000160                __vector_14
                0x00000160                __vector_57
                0x00000160                __vector_53
                0x00000160                __vector_10
                0x00000160                __vector_50
                0x00000160                __vector_16
                0x00000160                __vector_59
                0x00000160                __vector_18
                0x00000160                __vector_20
                0x00000160                __vector_65
 .text          0x00000164       0x3c LED2812.o
                0x00000164                updateLEDs
 .text          0x000001a0        0x8 OutPortE.o
                0x000001a0                outPortE
                0x000001a8                . = ALIGN (0x2)
 *(.text.*)
 .text.HAL_Init
                0x000001a8       0x1a stack/hal/atmega128rfa1/src/hal.o
                0x000001a8                HAL_Init
 .text.HAL_TimerInit
                0x000001c2       0x2a stack/hal/atmega128rfa1/src/halTimer.o
                0x000001c2                HAL_TimerInit
 .text.__vector_42
                0x000001ec       0x22 stack/hal/atmega128rfa1/src/halTimer.o
                0x000001ec                __vector_42
 .text.__vector_43
                0x0000020e       0x1e stack/hal/atmega128rfa1/src/halTimer.o
                0x0000020e                __vector_43
 .text.phyTrxSetState
                0x0000022c       0x16 stack/phy/atmega128rfa1/src/phy.o
 .text.phySetRxState
                0x00000242       0x14 stack/phy/atmega128rfa1/src/phy.o
 .text.PHY_Init
                0x00000256       0x56 stack/phy/atmega128rfa1/src/phy.o
                0x00000256                PHY_Init
 .text.PHY_SetRxState
                0x000002ac       0x10 stack/phy/atmega128rfa1/src/phy.o
                0x000002ac                PHY_SetRxState
 .text.PHY_SetChannel
                0x000002bc       0x10 stack/phy/atmega128rfa1/src/phy.o
                0x000002bc                PHY_SetChannel
 .text.PHY_SetPanId
                0x000002cc       0x14 stack/phy/atmega128rfa1/src/phy.o
                0x000002cc                PHY_SetPanId
 .text.PHY_SetShortAddr
                0x000002e0       0x14 stack/phy/atmega128rfa1/src/phy.o
                0x000002e0                PHY_SetShortAddr
 .text.PHY_Busy
                0x000002f4       0x20 stack/phy/atmega128rfa1/src/phy.o
                0x000002f4                PHY_Busy
 .text.PHY_DataReq
                0x00000314       0x52 stack/phy/atmega128rfa1/src/phy.o
                0x00000314                PHY_DataReq
 .text.PHY_EdReq
                0x00000366        0xc stack/phy/atmega128rfa1/src/phy.o
                0x00000366                PHY_EdReq
 .text.__vector_63
                0x00000372       0x70 stack/phy/atmega128rfa1/src/phy.o
                0x00000372                __vector_63
 .text.__vector_61
                0x000003e2       0x26 stack/phy/atmega128rfa1/src/phy.o
                0x000003e2                __vector_61
 .text.__vector_60
                0x00000408       0x34 stack/phy/atmega128rfa1/src/phy.o
                0x00000408                __vector_60
 .text.PHY_TaskHandler
                0x0000043c      0x190 stack/phy/atmega128rfa1/src/phy.o
                0x0000043c                PHY_TaskHandler
 .text.__vector_13
                0x000005cc       0x1e stack/hal/atmega128rfa1/src/halSleep.o
                0x000005cc                __vector_13
 .text.__vector_37
                0x000005ea       0x38 stack/hal/atmega128rfa1/src/halUart.o
                0x000005ea                __vector_37
 .text.__vector_36
                0x00000622       0xb0 stack/hal/atmega128rfa1/src/halUart.o
                0x00000622                __vector_36
 .text.NWK_Init
                0x000006d2       0x36 stack/nwk/src/nwk.o
                0x000006d2                NWK_Init
 .text.NWK_SetAddr
                0x00000708        0xe stack/nwk/src/nwk.o
                0x00000708                NWK_SetAddr
 .text.NWK_SetPanId
                0x00000716        0xe stack/nwk/src/nwk.o
                0x00000716                NWK_SetPanId
 .text.NWK_OpenEndpoint
                0x00000724       0x12 stack/nwk/src/nwk.o
                0x00000724                NWK_OpenEndpoint
 .text.NWK_TaskHandler
                0x00000736        0xe stack/nwk/src/nwk.o
                0x00000736                NWK_TaskHandler
 .text.nwkDataReqTxConf
                0x00000744       0x3e stack/nwk/src/nwkDataReq.o
 .text.nwkDataReqInit
                0x00000782        0xa stack/nwk/src/nwkDataReq.o
                0x00000782                nwkDataReqInit
 .text.NWK_DataReq
                0x0000078c       0x2a stack/nwk/src/nwkDataReq.o
                0x0000078c                NWK_DataReq
 .text.nwkDataReqTaskHandler
                0x000007b6      0x11a stack/nwk/src/nwkDataReq.o
                0x000007b6                nwkDataReqTaskHandler
 .text.nwkFrameInit
                0x000008d0       0x22 stack/nwk/src/nwkFrame.o
                0x000008d0                nwkFrameInit
 .text.nwkFrameAlloc
                0x000008f2       0x40 stack/nwk/src/nwkFrame.o
                0x000008f2                nwkFrameAlloc
 .text.nwkFrameFree
                0x00000932        0x6 stack/nwk/src/nwkFrame.o
                0x00000932                nwkFrameFree
 .text.nwkFrameByIndex
                0x00000938       0x1c stack/nwk/src/nwkFrame.o
                0x00000938                nwkFrameByIndex
 .text.nwkFrameCommandInit
                0x00000954       0x4a stack/nwk/src/nwkFrame.o
                0x00000954                nwkFrameCommandInit
 .text.nwkRouteFindRecord
                0x0000099e       0x42 stack/nwk/src/nwkRoute.o
 .text.nwkRouteErrorConf
                0x000009e0        0x6 stack/nwk/src/nwkRoute.o
 .text.nwkRouteTxFrameConf
                0x000009e6        0x6 stack/nwk/src/nwkRoute.o
 .text.nwkRouteInit
                0x000009ec       0x18 stack/nwk/src/nwkRoute.o
                0x000009ec                nwkRouteInit
 .text.nwkRouteRemove
                0x00000a04       0x14 stack/nwk/src/nwkRoute.o
                0x00000a04                nwkRouteRemove
 .text.nwkRouteFrameReceived
                0x00000a18       0x82 stack/nwk/src/nwkRoute.o
                0x00000a18                nwkRouteFrameReceived
 .text.nwkRouteFrameSent
                0x00000a9a       0xb2 stack/nwk/src/nwkRoute.o
                0x00000a9a                nwkRouteFrameSent
 .text.nwkRouteNextHop
                0x00000b4c       0x4a stack/nwk/src/nwkRoute.o
                0x00000b4c                nwkRouteNextHop
 .text.nwkRouteFrame
                0x00000b96       0x98 stack/nwk/src/nwkRoute.o
                0x00000b96                nwkRouteFrame
 .text.nwkRouteErrorReceived
                0x00000c2e       0x14 stack/nwk/src/nwkRoute.o
                0x00000c2e                nwkRouteErrorReceived
 .text.nwkRxSendAckConf
                0x00000c42        0x6 stack/nwk/src/nwkRx.o
 .text.nwkRxDuplicateRejectionTimerHandler
                0x00000c48       0x2e stack/nwk/src/nwkRx.o
 .text.nwkRxSeriveDataInd
                0x00000c76       0x26 stack/nwk/src/nwkRx.o
 .text.nwkRxInit
                0x00000c9c       0x4a stack/nwk/src/nwkRx.o
                0x00000c9c                nwkRxInit
 .text.PHY_DataInd
                0x00000ce6       0x60 stack/nwk/src/nwkRx.o
                0x00000ce6                PHY_DataInd
 .text.nwkRxTaskHandler
                0x00000d46      0x3b2 stack/nwk/src/nwkRx.o
                0x00000d46                nwkRxTaskHandler
 .text.nwkTxBroadcastConf
                0x000010f8        0x6 stack/nwk/src/nwkTx.o
 .text.nwkTxAckWaitTimerHandler
                0x000010fe       0x60 stack/nwk/src/nwkTx.o
 .text.nwkTxInit
                0x0000115e       0x36 stack/nwk/src/nwkTx.o
                0x0000115e                nwkTxInit
 .text.nwkTxFrame
                0x00001194       0x7a stack/nwk/src/nwkTx.o
                0x00001194                nwkTxFrame
 .text.nwkTxBroadcastFrame
                0x0000120e       0x90 stack/nwk/src/nwkTx.o
                0x0000120e                nwkTxBroadcastFrame
 .text.nwkTxAckReceived
                0x0000129e       0x48 stack/nwk/src/nwkTx.o
                0x0000129e                nwkTxAckReceived
 .text.PHY_DataConf
                0x000012e6       0x38 stack/nwk/src/nwkTx.o
                0x000012e6                PHY_DataConf
 .text.nwkTxTaskHandler
                0x0000131e       0xd6 stack/nwk/src/nwkTx.o
                0x0000131e                nwkTxTaskHandler
 .text.SYS_Init
                0x000013f4       0x12 stack/sys/src/sys.o
                0x000013f4                SYS_Init
 .text.SYS_TaskHandler
                0x00001406        0xe stack/sys/src/sys.o
                0x00001406                SYS_TaskHandler
 .text.placeTimer
                0x00001414       0xae stack/sys/src/sysTimer.o
 .text.SYS_TimerInit
                0x000014c2        0xa stack/sys/src/sysTimer.o
                0x000014c2                SYS_TimerInit
 .text.SYS_TimerStarted
                0x000014cc       0x22 stack/sys/src/sysTimer.o
                0x000014cc                SYS_TimerStarted
 .text.SYS_TimerStart
                0x000014ee       0x1a stack/sys/src/sysTimer.o
                0x000014ee                SYS_TimerStart
 .text.SYS_TimerTaskHandler
                0x00001508       0xa0 stack/sys/src/sysTimer.o
                0x00001508                SYS_TimerTaskHandler
 .text.appAddrConf
                0x000015a8       0x18 ModuleTest.o
 .text.appTimerHandler
                0x000015c0       0x42 ModuleTest.o
 .text.LEDCmdDataInd
                0x00001602       0x48 ModuleTest.o
 .text.PHY_EdConf
                0x0000164a        0x2 ModuleTest.o
                0x0000164a                PHY_EdConf
 .text.startup.main
                0x0000164c      0x2a0 ModuleTest.o
                0x0000164c                main
 .text.libgcc   0x000018ec       0x3e c:/program files (x86)/atmel/atmel studio 6.0/extensions/atmel/avrgcc/3.4.1.95/avrtoolchain/bin/../lib/gcc/avr/4.6.2/avr51\libgcc.a(_mulsi3.o)
                0x000018ec                __mulsi3
 .text.avr-libc
                0x0000192a       0x12 c:/program files (x86)/atmel/atmel studio 6.0/extensions/atmel/avrgcc/3.4.1.95/avrtoolchain/bin/../lib/gcc/avr/4.6.2/../../../../avr/lib/avr51\libc.a(memcpy.o)
                0x0000192a                memcpy
 .text.avr-libc
                0x0000193c        0xc c:/program files (x86)/atmel/atmel studio 6.0/extensions/atmel/avrgcc/3.4.1.95/avrtoolchain/bin/../lib/gcc/avr/4.6.2/../../../../avr/lib/avr51\libc.a(eerd_word_atmega128rfa1.o)
                0x0000193c                __eerd_word_m128rfa1
 .text.avr-libc
                0x00001948        0xa c:/program files (x86)/atmel/atmel studio 6.0/extensions/atmel/avrgcc/3.4.1.95/avrtoolchain/bin/../lib/gcc/avr/4.6.2/../../../../avr/lib/avr51\libc.a(eewr_word_atmega128rfa1.o)
                0x00001948                __eewr_word_m128rfa1
 .text.avr-libc
                0x00001952       0x20 c:/program files (x86)/atmel/atmel studio 6.0/extensions/atmel/avrgcc/3.4.1.95/avrtoolchain/bin/../lib/gcc/avr/4.6.2/../../../../avr/lib/avr51\libc.a(eerd_block_atmega128rfa1.o)
                0x00001952                __eerd_block_m128rfa1
                0x00001956                __eerd_blraw_m128rfa1
 .text.avr-libc
                0x00001972       0x1c c:/program files (x86)/atmel/atmel studio 6.0/extensions/atmel/avrgcc/3.4.1.95/avrtoolchain/bin/../lib/gcc/avr/4.6.2/../../../../avr/lib/avr51\libc.a(eewr_byte_atmega128rfa1.o)
                0x00001972                __eewr_byte_m128rfa1
                0x00001974                __eewr_r18_m128rfa1
                0x0000198e                . = ALIGN (0x2)
 *(.fini9)
 .fini9         0x0000198e        0x0 c:/program files (x86)/atmel/atmel studio 6.0/extensions/atmel/avrgcc/3.4.1.95/avrtoolchain/bin/../lib/gcc/avr/4.6.2/avr51\libgcc.a(_exit.o)
                0x0000198e                _exit
                0x0000198e                exit
 *(.fini9)
 *(.fini8)
 *(.fini8)
 *(.fini7)
 *(.fini7)
 *(.fini6)
 *(.fini6)
 *(.fini5)
 *(.fini5)
 *(.fini4)
 *(.fini4)
 *(.fini3)
 *(.fini3)
 *(.fini2)
 *(.fini2)
 *(.fini1)
 *(.fini1)
 *(.fini0)
 .fini0         0x0000198e        0x4 c:/program files (x86)/atmel/atmel studio 6.0/extensions/atmel/avrgcc/3.4.1.95/avrtoolchain/bin/../lib/gcc/avr/4.6.2/avr51\libgcc.a(_exit.o)
 *(.fini0)
                0x00001992                _etext = .

.data           0x00800200        0x2 load address 0x00001992
                0x00800200                PROVIDE (__data_start, .)
 *(.data)
 .data          0x00800200        0x0 c:/program files (x86)/atmel/atmel studio 6.0/extensions/atmel/avrgcc/3.4.1.95/avrtoolchain/bin/../lib/gcc/avr/4.6.2/../../../../avr/lib/avr51/crtm128rfa1.o
 .data          0x00800200        0x0 stack/hal/atmega128rfa1/src/hal.o
 .data          0x00800200        0x0 stack/hal/atmega128rfa1/src/halTimer.o
 .data          0x00800200        0x0 stack/phy/atmega128rfa1/src/phy.o
 .data          0x00800200        0x0 stack/hal/atmega128rfa1/src/halSleep.o
 .data          0x00800200        0x0 stack/hal/atmega128rfa1/src/halUart.o
 .data          0x00800200        0x0 stack/nwk/src/nwk.o
 .data          0x00800200        0x0 stack/nwk/src/nwkDataReq.o
 .data          0x00800200        0x0 stack/nwk/src/nwkSecurity.o
 .data          0x00800200        0x0 stack/nwk/src/nwkFrame.o
 .data          0x00800200        0x0 stack/nwk/src/nwkRoute.o
 .data          0x00800200        0x0 stack/nwk/src/nwkRx.o
 .data          0x00800200        0x0 stack/nwk/src/nwkTx.o
 .data          0x00800200        0x0 stack/sys/src/sys.o
 .data          0x00800200        0x0 stack/sys/src/sysTimer.o
 .data          0x00800200        0x0 stack/sys/src/sysEncrypt.o
 .data          0x00800200        0x0 LED2812.o
 .data          0x00800200        0x0 ModuleTest.o
 .data          0x00800200        0x0 OutPortE.o
 .data          0x00800200        0x0 c:/program files (x86)/atmel/atmel studio 6.0/extensions/atmel/avrgcc/3.4.1.95/avrtoolchain/bin/../lib/gcc/avr/4.6.2/avr51\libgcc.a(_mulsi3.o)
 .data          0x00800200        0x0 c:/program files (x86)/atmel/atmel studio 6.0/extensions/atmel/avrgcc/3.4.1.95/avrtoolchain/bin/../lib/gcc/avr/4.6.2/avr51\libgcc.a(_udivmodsi4.o)
 .data          0x00800200        0x0 c:/program files (x86)/atmel/atmel studio 6.0/extensions/atmel/avrgcc/3.4.1.95/avrtoolchain/bin/../lib/gcc/avr/4.6.2/avr51\libgcc.a(_exit.o)
 .data          0x00800200        0x0 c:/program files (x86)/atmel/atmel studio 6.0/extensions/atmel/avrgcc/3.4.1.95/avrtoolchain/bin/../lib/gcc/avr/4.6.2/avr51\libgcc.a(_copy_data.o)
 .data          0x00800200        0x0 c:/program files (x86)/atmel/atmel studio 6.0/extensions/atmel/avrgcc/3.4.1.95/avrtoolchain/bin/../lib/gcc/avr/4.6.2/avr51\libgcc.a(_clear_bss.o)
 .data          0x00800200        0x0 c:/program files (x86)/atmel/atmel studio 6.0/extensions/atmel/avrgcc/3.4.1.95/avrtoolchain/bin/../lib/gcc/avr/4.6.2/../../../../avr/lib/avr51\libc.a(memcpy.o)
 .data          0x00800200        0x0 c:/program files (x86)/atmel/atmel studio 6.0/extensions/atmel/avrgcc/3.4.1.95/avrtoolchain/bin/../lib/gcc/avr/4.6.2/../../../../avr/lib/avr51\libc.a(eerd_word_atmega128rfa1.o)
 .data          0x00800200        0x0 c:/program files (x86)/atmel/atmel studio 6.0/extensions/atmel/avrgcc/3.4.1.95/avrtoolchain/bin/../lib/gcc/avr/4.6.2/../../../../avr/lib/avr51\libc.a(eewr_word_atmega128rfa1.o)
 .data          0x00800200        0x0 c:/program files (x86)/atmel/atmel studio 6.0/extensions/atmel/avrgcc/3.4.1.95/avrtoolchain/bin/../lib/gcc/avr/4.6.2/../../../../avr/lib/avr51\libc.a(eerd_block_atmega128rfa1.o)
 .data          0x00800200        0x0 c:/program files (x86)/atmel/atmel studio 6.0/extensions/atmel/avrgcc/3.4.1.95/avrtoolchain/bin/../lib/gcc/avr/4.6.2/../../../../avr/lib/avr51\libc.a(eewr_byte_atmega128rfa1.o)
 *(.data*)
 .data.nwkState
                0x00800200        0x1 ModuleTest.o
 *(.rodata)
 *(.rodata*)
 *(.gnu.linkonce.d*)
                0x00800202                . = ALIGN (0x2)
 *fill*         0x00800201        0x1 00
                0x00800202                _edata = .
                0x00800202                PROVIDE (__data_end, .)

.bss            0x00800202      0x8b8
                0x00800202                PROVIDE (__bss_start, .)
 *(.bss)
 *(.bss*)
 .bss.halTimerDelayInt
                0x00800202        0x1 stack/hal/atmega128rfa1/src/halTimer.o
 .bss.phyRxSize
                0x00800203        0x1 stack/phy/atmega128rfa1/src/phy.o
 .bss.phyRxRssi
                0x00800204        0x1 stack/phy/atmega128rfa1/src/phy.o
 .bss.phyTxStatus
                0x00800205        0x1 stack/phy/atmega128rfa1/src/phy.o
 .bss.phyState  0x00800206        0x1 stack/phy/atmega128rfa1/src/phy.o
 .bss.phyIb     0x00800207        0x7 stack/phy/atmega128rfa1/src/phy.o
 .bss.phyRxBuffer
                0x0080020e       0x80 stack/phy/atmega128rfa1/src/phy.o
 .bss.halSleepTimerEvent
                0x0080028e        0x1 stack/hal/atmega128rfa1/src/halSleep.o
 .bss.newData   0x0080028f        0x1 stack/hal/atmega128rfa1/src/halUart.o
 .bss.udrEmpty  0x00800290        0x1 stack/hal/atmega128rfa1/src/halUart.o
 .bss.rxFifo    0x00800291        0xa stack/hal/atmega128rfa1/src/halUart.o
 .bss.nwkDataReqQueue
                0x0080029b        0x2 stack/nwk/src/nwkDataReq.o
 .bss.nwkFrameFrames
                0x0080029d      0x428 stack/nwk/src/nwkFrame.o
 .bss.nwkRouteTable
                0x008006c5      0x258 stack/nwk/src/nwkRoute.o
 .bss.nwkRxAckControl
                0x0080091d        0x1 stack/nwk/src/nwkRx.o
 .bss.nwkRxDuplicateRejectionTable
                0x0080091e       0x32 stack/nwk/src/nwkRx.o
 .bss.nwkRxActiveFrames
                0x00800950        0x1 stack/nwk/src/nwkRx.o
 .bss.nwkRxDuplicateRejectionTimer
                0x00800951        0xd stack/nwk/src/nwkRx.o
 .bss.nwkTxPhyActiveFrame
                0x0080095e        0x2 stack/nwk/src/nwkTx.o
 .bss.nwkTxActiveFrames
                0x00800960        0x1 stack/nwk/src/nwkTx.o
 .bss.nwkTxAckWaitTimer
                0x00800961        0xd stack/nwk/src/nwkTx.o
 .bss.timers    0x0080096e        0x2 stack/sys/src/sysTimer.o
 .bss.currentLEDmode
                0x00800970        0x1 ModuleTest.o
 .bss.mainLoopBlink
                0x00800971        0x2 ModuleTest.o
 .bss.appState  0x00800973        0x1 ModuleTest.o
 .bss.cmdBuffer
                0x00800974        0x2 ModuleTest.o
 .bss.LEDarray  0x00800976       0x30 ModuleTest.o
 .bss.debug1Blink
                0x008009a6        0x2 ModuleTest.o
 .bss.debug4Blink
                0x008009a8        0x2 ModuleTest.o
 .bss.debug2Blink
                0x008009aa        0x2 ModuleTest.o
 .bss.debug3Blink
                0x008009ac        0x2 ModuleTest.o
 .bss.myAddr    0x008009ae        0x2 ModuleTest.o
 .bss.appTimer  0x008009b0        0xd ModuleTest.o
 .bss.appDataReqBusy
                0x008009bd        0x1 ModuleTest.o
 .bss.appWorkingBufferPtr
                0x008009be        0x1 ModuleTest.o
 .bss.appWorkingBuffer
                0x008009bf       0x6d ModuleTest.o
 .bss.appDataReqBuffer
                0x00800a2c       0x6d ModuleTest.o
 .bss.appDataReq
                0x00800a99       0x11 ModuleTest.o
 .bss.latestRSSI
                0x00800aaa        0x1 ModuleTest.o
 *(COMMON)
 COMMON         0x00800aab        0x1 stack/hal/atmega128rfa1/src/halTimer.o
                0x00800aab                halTimerIrqCount
 COMMON         0x00800aac        0xe stack/nwk/src/nwk.o
                0x00800aac                nwkIb
                0x00800aba                PROVIDE (__bss_end, .)
                0x00001992                __data_load_start = LOADADDR (.data)
                0x00001994                __data_load_end = (__data_load_start + SIZEOF (.data))

.noinit         0x00800aba        0x0
                0x00800aba                PROVIDE (__noinit_start, .)
 *(.noinit*)
                0x00800aba                PROVIDE (__noinit_end, .)
                0x00800aba                _end = .
                0x00800aba                PROVIDE (__heap_start, .)

.eeprom         0x00810000        0x2
 *(.eeprom*)
 .eeprom        0x00810000        0x2 ModuleTest.o
                0x00810002                __eeprom_end = .

.fuse
 *(.fuse)
 *(.lfuse)
 *(.hfuse)
 *(.efuse)

.lock
 *(.lock*)

.signature
 *(.signature*)

.stab           0x00000000      0x9fc
 *(.stab)
 .stab          0x00000000      0x6cc c:/program files (x86)/atmel/atmel studio 6.0/extensions/atmel/avrgcc/3.4.1.95/avrtoolchain/bin/../lib/gcc/avr/4.6.2/../../../../avr/lib/avr51/crtm128rfa1.o
 .stab          0x000006cc       0x84 c:/program files (x86)/atmel/atmel studio 6.0/extensions/atmel/avrgcc/3.4.1.95/avrtoolchain/bin/../lib/gcc/avr/4.6.2/../../../../avr/lib/avr51\libc.a(memcpy.o)
                                 0x90 (size before relaxing)
 .stab          0x00000750       0x6c c:/program files (x86)/atmel/atmel studio 6.0/extensions/atmel/avrgcc/3.4.1.95/avrtoolchain/bin/../lib/gcc/avr/4.6.2/../../../../avr/lib/avr51\libc.a(eerd_word_atmega128rfa1.o)
                                 0x78 (size before relaxing)
 .stab          0x000007bc       0x54 c:/program files (x86)/atmel/atmel studio 6.0/extensions/atmel/avrgcc/3.4.1.95/avrtoolchain/bin/../lib/gcc/avr/4.6.2/../../../../avr/lib/avr51\libc.a(eewr_word_atmega128rfa1.o)
                                 0x60 (size before relaxing)
 .stab          0x00000810      0x108 c:/program files (x86)/atmel/atmel studio 6.0/extensions/atmel/avrgcc/3.4.1.95/avrtoolchain/bin/../lib/gcc/avr/4.6.2/../../../../avr/lib/avr51\libc.a(eerd_block_atmega128rfa1.o)
                                0x114 (size before relaxing)
 .stab          0x00000918       0xe4 c:/program files (x86)/atmel/atmel studio 6.0/extensions/atmel/avrgcc/3.4.1.95/avrtoolchain/bin/../lib/gcc/avr/4.6.2/../../../../avr/lib/avr51\libc.a(eewr_byte_atmega128rfa1.o)
                                 0xf0 (size before relaxing)

.stabstr        0x00000000      0x274
 *(.stabstr)
 .stabstr       0x00000000      0x274 c:/program files (x86)/atmel/atmel studio 6.0/extensions/atmel/avrgcc/3.4.1.95/avrtoolchain/bin/../lib/gcc/avr/4.6.2/../../../../avr/lib/avr51/crtm128rfa1.o

.stab.excl
 *(.stab.excl)

.stab.exclstr
 *(.stab.exclstr)

.stab.index
 *(.stab.index)

.stab.indexstr
 *(.stab.indexstr)

.comment
 *(.comment)

.debug
 *(.debug)

.line
 *(.line)

.debug_srcinfo
 *(.debug_srcinfo)

.debug_sfnames
 *(.debug_sfnames)

.debug_aranges  0x00000000      0x4f8
 *(.debug_aranges)
 .debug_aranges
                0x00000000       0x28 stack/hal/atmega128rfa1/src/hal.o
 .debug_aranges
                0x00000028       0x38 stack/hal/atmega128rfa1/src/halTimer.o
 .debug_aranges
                0x00000060       0x98 stack/phy/atmega128rfa1/src/phy.o
 .debug_aranges
                0x000000f8       0x28 stack/hal/atmega128rfa1/src/halSleep.o
 .debug_aranges
                0x00000120       0x48 stack/hal/atmega128rfa1/src/halUart.o
 .debug_aranges
                0x00000168       0x58 stack/nwk/src/nwk.o
 .debug_aranges
                0x000001c0       0x40 stack/nwk/src/nwkDataReq.o
 .debug_aranges
                0x00000200       0x40 stack/nwk/src/nwkFrame.o
 .debug_aranges
                0x00000240       0x70 stack/nwk/src/nwkRoute.o
 .debug_aranges
                0x000002b0       0x58 stack/nwk/src/nwkRx.o
 .debug_aranges
                0x00000308       0x60 stack/nwk/src/nwkTx.o
 .debug_aranges
                0x00000368       0x28 stack/sys/src/sys.o
 .debug_aranges
                0x00000390       0x48 stack/sys/src/sysTimer.o
 .debug_aranges
                0x000003d8       0x20 LED2812.o
 .debug_aranges
                0x000003f8       0x40 ModuleTest.o
 .debug_aranges
                0x00000438       0x20 OutPortE.o
 .debug_aranges
                0x00000458       0x20 c:/program files (x86)/atmel/atmel studio 6.0/extensions/atmel/avrgcc/3.4.1.95/avrtoolchain/bin/../lib/gcc/avr/4.6.2/avr51\libgcc.a(_mulsi3.o)
 .debug_aranges
                0x00000478       0x20 c:/program files (x86)/atmel/atmel studio 6.0/extensions/atmel/avrgcc/3.4.1.95/avrtoolchain/bin/../lib/gcc/avr/4.6.2/avr51\libgcc.a(_udivmodsi4.o)
 .debug_aranges
                0x00000498       0x20 c:/program files (x86)/atmel/atmel studio 6.0/extensions/atmel/avrgcc/3.4.1.95/avrtoolchain/bin/../lib/gcc/avr/4.6.2/avr51\libgcc.a(_exit.o)
 .debug_aranges
                0x000004b8       0x20 c:/program files (x86)/atmel/atmel studio 6.0/extensions/atmel/avrgcc/3.4.1.95/avrtoolchain/bin/../lib/gcc/avr/4.6.2/avr51\libgcc.a(_copy_data.o)
 .debug_aranges
                0x000004d8       0x20 c:/program files (x86)/atmel/atmel studio 6.0/extensions/atmel/avrgcc/3.4.1.95/avrtoolchain/bin/../lib/gcc/avr/4.6.2/avr51\libgcc.a(_clear_bss.o)

.debug_pubnames
 *(.debug_pubnames)

.debug_info     0x00000000     0x498c
 *(.debug_info)
 .debug_info    0x00000000       0xb5 stack/hal/atmega128rfa1/src/hal.o
 .debug_info    0x000000b5      0x118 stack/hal/atmega128rfa1/src/halTimer.o
 .debug_info    0x000001cd      0x793 stack/phy/atmega128rfa1/src/phy.o
 .debug_info    0x00000960      0x187 stack/hal/atmega128rfa1/src/halSleep.o
 .debug_info    0x00000ae7      0x2ee stack/hal/atmega128rfa1/src/halUart.o
 .debug_info    0x00000dd5      0x2da stack/nwk/src/nwk.o
 .debug_info    0x000010af      0x6ea stack/nwk/src/nwkDataReq.o
 .debug_info    0x00001799       0x69 stack/nwk/src/nwkSecurity.o
 .debug_info    0x00001802      0x544 stack/nwk/src/nwkFrame.o
 .debug_info    0x00001d46      0x78c stack/nwk/src/nwkRoute.o
 .debug_info    0x000024d2      0x9e6 stack/nwk/src/nwkRx.o
 .debug_info    0x00002eb8      0x815 stack/nwk/src/nwkTx.o
 .debug_info    0x000036cd       0x90 stack/sys/src/sys.o
 .debug_info    0x0000375d      0x339 stack/sys/src/sysTimer.o
 .debug_info    0x00003a96       0x62 stack/sys/src/sysEncrypt.o
 .debug_info    0x00003af8       0x7a LED2812.o
 .debug_info    0x00003b72      0x949 ModuleTest.o
 .debug_info    0x000044bb       0x7b OutPortE.o
 .debug_info    0x00004536       0xde c:/program files (x86)/atmel/atmel studio 6.0/extensions/atmel/avrgcc/3.4.1.95/avrtoolchain/bin/../lib/gcc/avr/4.6.2/avr51\libgcc.a(_mulsi3.o)
 .debug_info    0x00004614       0xde c:/program files (x86)/atmel/atmel studio 6.0/extensions/atmel/avrgcc/3.4.1.95/avrtoolchain/bin/../lib/gcc/avr/4.6.2/avr51\libgcc.a(_udivmodsi4.o)
 .debug_info    0x000046f2       0xde c:/program files (x86)/atmel/atmel studio 6.0/extensions/atmel/avrgcc/3.4.1.95/avrtoolchain/bin/../lib/gcc/avr/4.6.2/avr51\libgcc.a(_exit.o)
 .debug_info    0x000047d0       0xde c:/program files (x86)/atmel/atmel studio 6.0/extensions/atmel/avrgcc/3.4.1.95/avrtoolchain/bin/../lib/gcc/avr/4.6.2/avr51\libgcc.a(_copy_data.o)
 .debug_info    0x000048ae       0xde c:/program files (x86)/atmel/atmel studio 6.0/extensions/atmel/avrgcc/3.4.1.95/avrtoolchain/bin/../lib/gcc/avr/4.6.2/avr51\libgcc.a(_clear_bss.o)
 *(.gnu.linkonce.wi.*)

.debug_abbrev   0x00000000     0x17df
 *(.debug_abbrev)
 .debug_abbrev  0x00000000       0x74 stack/hal/atmega128rfa1/src/hal.o
 .debug_abbrev  0x00000074       0xc3 stack/hal/atmega128rfa1/src/halTimer.o
 .debug_abbrev  0x00000137      0x280 stack/phy/atmega128rfa1/src/phy.o
 .debug_abbrev  0x000003b7       0xc4 stack/hal/atmega128rfa1/src/halSleep.o
 .debug_abbrev  0x0000047b      0x134 stack/hal/atmega128rfa1/src/halUart.o
 .debug_abbrev  0x000005af      0x13f stack/nwk/src/nwk.o
 .debug_abbrev  0x000006ee      0x227 stack/nwk/src/nwkDataReq.o
 .debug_abbrev  0x00000915       0x2c stack/nwk/src/nwkSecurity.o
 .debug_abbrev  0x00000941      0x195 stack/nwk/src/nwkFrame.o
 .debug_abbrev  0x00000ad6      0x263 stack/nwk/src/nwkRoute.o
 .debug_abbrev  0x00000d39      0x335 stack/nwk/src/nwkRx.o
 .debug_abbrev  0x0000106e      0x277 stack/nwk/src/nwkTx.o
 .debug_abbrev  0x000012e5       0x43 stack/sys/src/sys.o
 .debug_abbrev  0x00001328      0x1a4 stack/sys/src/sysTimer.o
 .debug_abbrev  0x000014cc       0x2c stack/sys/src/sysEncrypt.o
 .debug_abbrev  0x000014f8       0x14 LED2812.o
 .debug_abbrev  0x0000150c      0x25b ModuleTest.o
 .debug_abbrev  0x00001767       0x14 OutPortE.o
 .debug_abbrev  0x0000177b       0x14 c:/program files (x86)/atmel/atmel studio 6.0/extensions/atmel/avrgcc/3.4.1.95/avrtoolchain/bin/../lib/gcc/avr/4.6.2/avr51\libgcc.a(_mulsi3.o)
 .debug_abbrev  0x0000178f       0x14 c:/program files (x86)/atmel/atmel studio 6.0/extensions/atmel/avrgcc/3.4.1.95/avrtoolchain/bin/../lib/gcc/avr/4.6.2/avr51\libgcc.a(_udivmodsi4.o)
 .debug_abbrev  0x000017a3       0x14 c:/program files (x86)/atmel/atmel studio 6.0/extensions/atmel/avrgcc/3.4.1.95/avrtoolchain/bin/../lib/gcc/avr/4.6.2/avr51\libgcc.a(_exit.o)
 .debug_abbrev  0x000017b7       0x14 c:/program files (x86)/atmel/atmel studio 6.0/extensions/atmel/avrgcc/3.4.1.95/avrtoolchain/bin/../lib/gcc/avr/4.6.2/avr51\libgcc.a(_copy_data.o)
 .debug_abbrev  0x000017cb       0x14 c:/program files (x86)/atmel/atmel studio 6.0/extensions/atmel/avrgcc/3.4.1.95/avrtoolchain/bin/../lib/gcc/avr/4.6.2/avr51\libgcc.a(_clear_bss.o)

.debug_line     0x00000000     0x441e
 *(.debug_line)
 .debug_line    0x00000000      0x319 stack/hal/atmega128rfa1/src/hal.o
 .debug_line    0x00000319      0x34e stack/hal/atmega128rfa1/src/halTimer.o
 .debug_line    0x00000667      0x504 stack/phy/atmega128rfa1/src/phy.o
 .debug_line    0x00000b6b      0x366 stack/hal/atmega128rfa1/src/halSleep.o
 .debug_line    0x00000ed1      0x3d7 stack/hal/atmega128rfa1/src/halUart.o
 .debug_line    0x000012a8      0x435 stack/nwk/src/nwk.o
 .debug_line    0x000016dd      0x3ef stack/nwk/src/nwkDataReq.o
 .debug_line    0x00001acc      0x367 stack/nwk/src/nwkSecurity.o
 .debug_line    0x00001e33      0x3bf stack/nwk/src/nwkFrame.o
 .debug_line    0x000021f2      0x45f stack/nwk/src/nwkRoute.o
 .debug_line    0x00002651      0x4f4 stack/nwk/src/nwkRx.o
 .debug_line    0x00002b45      0x4ba stack/nwk/src/nwkTx.o
 .debug_line    0x00002fff      0x3a3 stack/sys/src/sys.o
 .debug_line    0x000033a2      0x3cd stack/sys/src/sysTimer.o
 .debug_line    0x0000376f      0x36b stack/sys/src/sysEncrypt.o
 .debug_line    0x00003ada       0x56 LED2812.o
 .debug_line    0x00003b30      0x5b8 ModuleTest.o
 .debug_line    0x000040e8       0x3d OutPortE.o
 .debug_line    0x00004125       0xa5 c:/program files (x86)/atmel/atmel studio 6.0/extensions/atmel/avrgcc/3.4.1.95/avrtoolchain/bin/../lib/gcc/avr/4.6.2/avr51\libgcc.a(_mulsi3.o)
 .debug_line    0x000041ca       0xa8 c:/program files (x86)/atmel/atmel studio 6.0/extensions/atmel/avrgcc/3.4.1.95/avrtoolchain/bin/../lib/gcc/avr/4.6.2/avr51\libgcc.a(_udivmodsi4.o)
 .debug_line    0x00004272       0x88 c:/program files (x86)/atmel/atmel studio 6.0/extensions/atmel/avrgcc/3.4.1.95/avrtoolchain/bin/../lib/gcc/avr/4.6.2/avr51\libgcc.a(_exit.o)
 .debug_line    0x000042fa       0x96 c:/program files (x86)/atmel/atmel studio 6.0/extensions/atmel/avrgcc/3.4.1.95/avrtoolchain/bin/../lib/gcc/avr/4.6.2/avr51\libgcc.a(_copy_data.o)
 .debug_line    0x00004390       0x8e c:/program files (x86)/atmel/atmel studio 6.0/extensions/atmel/avrgcc/3.4.1.95/avrtoolchain/bin/../lib/gcc/avr/4.6.2/avr51\libgcc.a(_clear_bss.o)

.debug_frame    0x00000000      0x978
 *(.debug_frame)
 .debug_frame   0x00000000       0x34 stack/hal/atmega128rfa1/src/hal.o
 .debug_frame   0x00000034       0x74 stack/hal/atmega128rfa1/src/halTimer.o
 .debug_frame   0x000000a8      0x1ac stack/phy/atmega128rfa1/src/phy.o
 .debug_frame   0x00000254       0x50 stack/hal/atmega128rfa1/src/halSleep.o
 .debug_frame   0x000002a4       0xcc stack/hal/atmega128rfa1/src/halUart.o
 .debug_frame   0x00000370       0x94 stack/nwk/src/nwk.o
 .debug_frame   0x00000404       0x78 stack/nwk/src/nwkDataReq.o
 .debug_frame   0x0000047c       0x64 stack/nwk/src/nwkFrame.o
 .debug_frame   0x000004e0      0x128 stack/nwk/src/nwkRoute.o
 .debug_frame   0x00000608       0xe0 stack/nwk/src/nwkRx.o
 .debug_frame   0x000006e8      0x118 stack/nwk/src/nwkTx.o
 .debug_frame   0x00000800       0x34 stack/sys/src/sys.o
 .debug_frame   0x00000834       0xc0 stack/sys/src/sysTimer.o
 .debug_frame   0x000008f4       0x84 ModuleTest.o

.debug_str      0x00000000     0x1a15
 *(.debug_str)
 .debug_str     0x00000000       0xd0 stack/hal/atmega128rfa1/src/hal.o
                                0x104 (size before relaxing)
 .debug_str     0x000000d0       0x84 stack/hal/atmega128rfa1/src/halTimer.o
                                0x14d (size before relaxing)
 .debug_str     0x00000154      0x61a stack/phy/atmega128rfa1/src/phy.o
                                0x6ea (size before relaxing)
 .debug_str     0x0000076e       0xa4 stack/hal/atmega128rfa1/src/halSleep.o
                                0x173 (size before relaxing)
 .debug_str     0x00000812       0xe7 stack/hal/atmega128rfa1/src/halUart.o
                                0x1d2 (size before relaxing)
 .debug_str     0x000008f9       0xea stack/nwk/src/nwk.o
                                0x1da (size before relaxing)
 .debug_str     0x000009e3      0x31e stack/nwk/src/nwkDataReq.o
                                0x47c (size before relaxing)
 .debug_str     0x00000d01       0x22 stack/nwk/src/nwkSecurity.o
                                 0xe0 (size before relaxing)
 .debug_str     0x00000d23       0x8f stack/nwk/src/nwkFrame.o
                                0x361 (size before relaxing)
 .debug_str     0x00000db2      0x171 stack/nwk/src/nwkRoute.o
                                0x451 (size before relaxing)
 .debug_str     0x00000f23      0x30b stack/nwk/src/nwkRx.o
                                0x5b4 (size before relaxing)
 .debug_str     0x0000122e      0x217 stack/nwk/src/nwkTx.o
                                0x5ae (size before relaxing)
 .debug_str     0x00001445       0x33 stack/sys/src/sys.o
                                 0xeb (size before relaxing)
 .debug_str     0x00001478       0x8a stack/sys/src/sysTimer.o
                                0x1ed (size before relaxing)
 .debug_str     0x00001502       0x21 stack/sys/src/sysEncrypt.o
                                 0xd9 (size before relaxing)
 .debug_str     0x00001523      0x4f2 ModuleTest.o
                                0x6d0 (size before relaxing)

.debug_loc      0x00000000     0x1995
 *(.debug_loc)
 .debug_loc     0x00000000       0x13 stack/hal/atmega128rfa1/src/hal.o
 .debug_loc     0x00000013       0x90 stack/hal/atmega128rfa1/src/halTimer.o
 .debug_loc     0x000000a3      0x24a stack/phy/atmega128rfa1/src/phy.o
 .debug_loc     0x000002ed      0x134 stack/hal/atmega128rfa1/src/halSleep.o
 .debug_loc     0x00000421      0x1d6 stack/hal/atmega128rfa1/src/halUart.o
 .debug_loc     0x000005f7       0x92 stack/nwk/src/nwk.o
 .debug_loc     0x00000689      0x15b stack/nwk/src/nwkDataReq.o
 .debug_loc     0x000007e4      0x11a stack/nwk/src/nwkFrame.o
 .debug_loc     0x000008fe      0x441 stack/nwk/src/nwkRoute.o
 .debug_loc     0x00000d3f      0x39d stack/nwk/src/nwkRx.o
 .debug_loc     0x000010dc      0x3e3 stack/nwk/src/nwkTx.o
 .debug_loc     0x000014bf      0x3ab stack/sys/src/sysTimer.o
 .debug_loc     0x0000186a      0x12b ModuleTest.o

.debug_macinfo  0x00000000   0x12012b
 *(.debug_macinfo)
 .debug_macinfo
                0x00000000    0x111af stack/hal/atmega128rfa1/src/hal.o
 .debug_macinfo
                0x000111af    0x111c3 stack/hal/atmega128rfa1/src/halTimer.o
 .debug_macinfo
                0x00022372    0x125cb stack/phy/atmega128rfa1/src/phy.o
 .debug_macinfo
                0x0003493d    0x1122c stack/hal/atmega128rfa1/src/halSleep.o
 .debug_macinfo
                0x00045b69    0x11754 stack/hal/atmega128rfa1/src/halUart.o
 .debug_macinfo
                0x000572bd    0x12b00 stack/nwk/src/nwk.o
 .debug_macinfo
                0x00069dbd    0x11c15 stack/nwk/src/nwkDataReq.o
 .debug_macinfo
                0x0007b9d2    0x11c30 stack/nwk/src/nwkSecurity.o
 .debug_macinfo
                0x0008d602    0x11c15 stack/nwk/src/nwkFrame.o
 .debug_macinfo
                0x0009f217    0x11a6e stack/nwk/src/nwkRoute.o
 .debug_macinfo
                0x000b0c85    0x12bce stack/nwk/src/nwkRx.o
 .debug_macinfo
                0x000c3853    0x12b3d stack/nwk/src/nwkTx.o
 .debug_macinfo
                0x000d6390    0x12605 stack/sys/src/sys.o
 .debug_macinfo
                0x000e8995    0x114e8 stack/sys/src/sysTimer.o
 .debug_macinfo
                0x000f9e7d    0x12775 stack/sys/src/sysEncrypt.o
 .debug_macinfo
                0x0010c5f2    0x13b39 ModuleTest.o
OUTPUT(ModuleTest.elf elf32-avr)
LOAD linker stubs

.debug_ranges   0x00000000      0x470
 .debug_ranges  0x00000000       0x18 stack/hal/atmega128rfa1/src/hal.o
 .debug_ranges  0x00000018       0x28 stack/hal/atmega128rfa1/src/halTimer.o
 .debug_ranges  0x00000040       0xb8 stack/phy/atmega128rfa1/src/phy.o
 .debug_ranges  0x000000f8       0x18 stack/hal/atmega128rfa1/src/halSleep.o
 .debug_ranges  0x00000110       0x38 stack/hal/atmega128rfa1/src/halUart.o
 .debug_ranges  0x00000148       0x48 stack/nwk/src/nwk.o
 .debug_ranges  0x00000190       0x30 stack/nwk/src/nwkDataReq.o
 .debug_ranges  0x000001c0       0x48 stack/nwk/src/nwkFrame.o
 .debug_ranges  0x00000208       0x60 stack/nwk/src/nwkRoute.o
 .debug_ranges  0x00000268       0xd8 stack/nwk/src/nwkRx.o
 .debug_ranges  0x00000340       0x50 stack/nwk/src/nwkTx.o
 .debug_ranges  0x00000390       0x18 stack/sys/src/sys.o
 .debug_ranges  0x000003a8       0x38 stack/sys/src/sysTimer.o
 .debug_ranges  0x000003e0       0x90 ModuleTest.o
