Archive member included because of file (symbol)

c:/program files (x86)/atmel/atmel studio 6.0/extensions/atmel/avrgcc/3.4.1.95/avrtoolchain/bin/../lib/gcc/avr/4.6.2/avr51\libgcc.a(_mulsi3.o)
                              stack/sys/src/sysTimer.o (__mulsi3)
c:/program files (x86)/atmel/atmel studio 6.0/extensions/atmel/avrgcc/3.4.1.95/avrtoolchain/bin/../lib/gcc/avr/4.6.2/avr51\libgcc.a(_udivmodqi4.o)
                              FoolsLantern.o (__udivmodqi4)
c:/program files (x86)/atmel/atmel studio 6.0/extensions/atmel/avrgcc/3.4.1.95/avrtoolchain/bin/../lib/gcc/avr/4.6.2/avr51\libgcc.a(_divmodhi4.o)
                              FoolsLantern.o (__divmodhi4)
c:/program files (x86)/atmel/atmel studio 6.0/extensions/atmel/avrgcc/3.4.1.95/avrtoolchain/bin/../lib/gcc/avr/4.6.2/avr51\libgcc.a(_udivmodsi4.o)
                              stack/hal/atmega128rfa1/src/halSleep.o (__udivmodsi4)
c:/program files (x86)/atmel/atmel studio 6.0/extensions/atmel/avrgcc/3.4.1.95/avrtoolchain/bin/../lib/gcc/avr/4.6.2/avr51\libgcc.a(_exit.o)
                              c:/program files (x86)/atmel/atmel studio 6.0/extensions/atmel/avrgcc/3.4.1.95/avrtoolchain/bin/../lib/gcc/avr/4.6.2/../../../../avr/lib/avr51/crtm128rfa1.o (exit)
c:/program files (x86)/atmel/atmel studio 6.0/extensions/atmel/avrgcc/3.4.1.95/avrtoolchain/bin/../lib/gcc/avr/4.6.2/avr51\libgcc.a(_copy_data.o)
                              stack/hal/atmega128rfa1/src/hal.o (__do_copy_data)
c:/program files (x86)/atmel/atmel studio 6.0/extensions/atmel/avrgcc/3.4.1.95/avrtoolchain/bin/../lib/gcc/avr/4.6.2/avr51\libgcc.a(_clear_bss.o)
                              stack/hal/atmega128rfa1/src/hal.o (__do_clear_bss)
c:/program files (x86)/atmel/atmel studio 6.0/extensions/atmel/avrgcc/3.4.1.95/avrtoolchain/bin/../lib/gcc/avr/4.6.2/avr51\libgcc.a(_udivmodhi4.o)
                              c:/program files (x86)/atmel/atmel studio 6.0/extensions/atmel/avrgcc/3.4.1.95/avrtoolchain/bin/../lib/gcc/avr/4.6.2/avr51\libgcc.a(_divmodhi4.o) (__udivmodhi4)
c:/program files (x86)/atmel/atmel studio 6.0/extensions/atmel/avrgcc/3.4.1.95/avrtoolchain/bin/../lib/gcc/avr/4.6.2/../../../../avr/lib/avr51\libc.a(rand.o)
                              FoolsLantern.o (rand)
c:/program files (x86)/atmel/atmel studio 6.0/extensions/atmel/avrgcc/3.4.1.95/avrtoolchain/bin/../lib/gcc/avr/4.6.2/../../../../avr/lib/avr51\libc.a(memcpy.o)
                              stack/nwk/src/nwkDataReq.o (memcpy)
c:/program files (x86)/atmel/atmel studio 6.0/extensions/atmel/avrgcc/3.4.1.95/avrtoolchain/bin/../lib/gcc/avr/4.6.2/../../../../avr/lib/avr51\libc.a(eerd_word_atmega128rfa1.o)
                              FoolsLantern.o (__eerd_word_m128rfa1)
c:/program files (x86)/atmel/atmel studio 6.0/extensions/atmel/avrgcc/3.4.1.95/avrtoolchain/bin/../lib/gcc/avr/4.6.2/../../../../avr/lib/avr51\libc.a(eewr_word_atmega128rfa1.o)
                              FoolsLantern.o (__eewr_word_m128rfa1)
c:/program files (x86)/atmel/atmel studio 6.0/extensions/atmel/avrgcc/3.4.1.95/avrtoolchain/bin/../lib/gcc/avr/4.6.2/../../../../avr/lib/avr51\libc.a(eerd_block_atmega128rfa1.o)
                              c:/program files (x86)/atmel/atmel studio 6.0/extensions/atmel/avrgcc/3.4.1.95/avrtoolchain/bin/../lib/gcc/avr/4.6.2/../../../../avr/lib/avr51\libc.a(eerd_word_atmega128rfa1.o) (__eerd_blraw_m128rfa1)
c:/program files (x86)/atmel/atmel studio 6.0/extensions/atmel/avrgcc/3.4.1.95/avrtoolchain/bin/../lib/gcc/avr/4.6.2/../../../../avr/lib/avr51\libc.a(eewr_byte_atmega128rfa1.o)
                              c:/program files (x86)/atmel/atmel studio 6.0/extensions/atmel/avrgcc/3.4.1.95/avrtoolchain/bin/../lib/gcc/avr/4.6.2/../../../../avr/lib/avr51\libc.a(eewr_word_atmega128rfa1.o) (__eewr_byte_m128rfa1)
c:/program files (x86)/atmel/atmel studio 6.0/extensions/atmel/avrgcc/3.4.1.95/avrtoolchain/bin/../lib/gcc/avr/4.6.2/avr51\libgcc.a(_divmodsi4.o)
                              c:/program files (x86)/atmel/atmel studio 6.0/extensions/atmel/avrgcc/3.4.1.95/avrtoolchain/bin/../lib/gcc/avr/4.6.2/../../../../avr/lib/avr51\libc.a(rand.o) (__divmodsi4)

Allocating common symbols
Common symbol       size              file

nwkIb               0xe               stack/nwk/src/nwk.o
halTimerIrqCount    0x1               stack/hal/atmega128rfa1/src/halTimer.o

Discarded input sections

 .bss           0x00000000        0x0 c:/program files (x86)/atmel/atmel studio 6.0/extensions/atmel/avrgcc/3.4.1.95/avrtoolchain/bin/../lib/gcc/avr/4.6.2/../../../../avr/lib/avr51/crtm128rfa1.o
 .text          0x00000000        0x0 stack/hal/atmega128rfa1/src/hal.o
 .bss           0x00000000        0x0 stack/hal/atmega128rfa1/src/hal.o
 .text.HAL_Delay
                0x00000000       0x1e stack/hal/atmega128rfa1/src/hal.o
 .text          0x00000000        0x0 stack/hal/atmega128rfa1/src/halTimer.o
 .bss           0x00000000        0x0 stack/hal/atmega128rfa1/src/halTimer.o
 .text.HAL_TimerDelay
                0x00000000       0xa6 stack/hal/atmega128rfa1/src/halTimer.o
 .text          0x00000000        0x0 stack/phy/atmega128rfa1/src/phy.o
 .bss           0x00000000        0x0 stack/phy/atmega128rfa1/src/phy.o
 .text.PHY_Sleep
                0x00000000       0x28 stack/phy/atmega128rfa1/src/phy.o
 .text.PHY_Wakeup
                0x00000000       0x26 stack/phy/atmega128rfa1/src/phy.o
 .text          0x00000000        0x0 stack/hal/atmega128rfa1/src/halSleep.o
 .bss           0x00000000        0x0 stack/hal/atmega128rfa1/src/halSleep.o
 .text.HAL_Sleep
                0x00000000      0x1aa stack/hal/atmega128rfa1/src/halSleep.o
 .text          0x00000000        0x0 stack/hal/atmega128rfa1/src/halUart.o
 .bss           0x00000000        0x0 stack/hal/atmega128rfa1/src/halUart.o
 .bss.txFifo    0x00000000        0xa stack/hal/atmega128rfa1/src/halUart.o
 .bss.txData    0x00000000       0xc9 stack/hal/atmega128rfa1/src/halUart.o
 .bss.rxData    0x00000000       0xc9 stack/hal/atmega128rfa1/src/halUart.o
 .text.HAL_UartInit
                0x00000000      0x126 stack/hal/atmega128rfa1/src/halUart.o
 .text.HAL_UartWriteByte
                0x00000000       0x82 stack/hal/atmega128rfa1/src/halUart.o
 .text.HAL_UartReadByte
                0x00000000       0x80 stack/hal/atmega128rfa1/src/halUart.o
 .text.HAL_UartTaskHandler
                0x00000000       0xfc stack/hal/atmega128rfa1/src/halUart.o
 .text          0x00000000        0x0 stack/nwk/src/nwk.o
 .bss           0x00000000        0x0 stack/nwk/src/nwk.o
 .text.NWK_Busy
                0x00000000       0x38 stack/nwk/src/nwk.o
 .text.NWK_SleepReq
                0x00000000       0x12 stack/nwk/src/nwk.o
 .text.NWK_WakeupReq
                0x00000000       0x12 stack/nwk/src/nwk.o
 .text          0x00000000        0x0 stack/nwk/src/nwkDataReq.o
 .bss           0x00000000        0x0 stack/nwk/src/nwkDataReq.o
 .text.nwkDataReqBusy
                0x00000000       0x20 stack/nwk/src/nwkDataReq.o
 .text          0x00000000        0x0 stack/nwk/src/nwkSecurity.o
 .bss           0x00000000        0x0 stack/nwk/src/nwkSecurity.o
 .text          0x00000000        0x0 stack/nwk/src/nwkFrame.o
 .bss           0x00000000        0x0 stack/nwk/src/nwkFrame.o
 .text          0x00000000        0x0 stack/nwk/src/nwkRoute.o
 .bss           0x00000000        0x0 stack/nwk/src/nwkRoute.o
 .text.NWK_RouteNextHop
                0x00000000       0x20 stack/nwk/src/nwkRoute.o
 .text          0x00000000        0x0 stack/nwk/src/nwkRx.o
 .bss           0x00000000        0x0 stack/nwk/src/nwkRx.o
 .text.NWK_SetAckControl
                0x00000000       0x1a stack/nwk/src/nwkRx.o
 .text.nwkRxBusy
                0x00000000       0x1a stack/nwk/src/nwkRx.o
 .text          0x00000000        0x0 stack/nwk/src/nwkTx.o
 .bss           0x00000000        0x0 stack/nwk/src/nwkTx.o
 .text.nwkTxBusy
                0x00000000       0x1a stack/nwk/src/nwkTx.o
 .text          0x00000000        0x0 stack/sys/src/sys.o
 .bss           0x00000000        0x0 stack/sys/src/sys.o
 .text          0x00000000        0x0 stack/sys/src/sysTimer.o
 .bss           0x00000000        0x0 stack/sys/src/sysTimer.o
 .text          0x00000000        0x0 stack/sys/src/sysEncrypt.o
 .bss           0x00000000        0x0 stack/sys/src/sysEncrypt.o
 .text          0x00000000        0x0 FoolsLantern.o
 .bss           0x00000000        0x0 FoolsLantern.o
 .bss.targetAddr
                0x00000000        0x2 FoolsLantern.o
 .bss.blanking  0x00000000        0x1 FoolsLantern.o
 .bss.debugValue
                0x00000000        0x1 FoolsLantern.o
 .bss.debugStart
                0x00000000        0x1 FoolsLantern.o
 .text.addrCheckDataConf
                0x00000000       0xd2 FoolsLantern.o
 .text.appAddrCheckSendData
                0x00000000       0xc4 FoolsLantern.o
 .bss           0x00000000        0x0 LED2812.o
 .text          0x00000000        0x8 OutPortE.o
 .bss           0x00000000        0x0 OutPortE.o
 .text          0x00000000        0x0 c:/program files (x86)/atmel/atmel studio 6.0/extensions/atmel/avrgcc/3.4.1.95/avrtoolchain/bin/../lib/gcc/avr/4.6.2/avr51\libgcc.a(_mulsi3.o)
 .bss           0x00000000        0x0 c:/program files (x86)/atmel/atmel studio 6.0/extensions/atmel/avrgcc/3.4.1.95/avrtoolchain/bin/../lib/gcc/avr/4.6.2/avr51\libgcc.a(_mulsi3.o)
 .text          0x00000000        0x0 c:/program files (x86)/atmel/atmel studio 6.0/extensions/atmel/avrgcc/3.4.1.95/avrtoolchain/bin/../lib/gcc/avr/4.6.2/avr51\libgcc.a(_udivmodqi4.o)
 .bss           0x00000000        0x0 c:/program files (x86)/atmel/atmel studio 6.0/extensions/atmel/avrgcc/3.4.1.95/avrtoolchain/bin/../lib/gcc/avr/4.6.2/avr51\libgcc.a(_udivmodqi4.o)
 .text          0x00000000        0x0 c:/program files (x86)/atmel/atmel studio 6.0/extensions/atmel/avrgcc/3.4.1.95/avrtoolchain/bin/../lib/gcc/avr/4.6.2/avr51\libgcc.a(_divmodhi4.o)
 .bss           0x00000000        0x0 c:/program files (x86)/atmel/atmel studio 6.0/extensions/atmel/avrgcc/3.4.1.95/avrtoolchain/bin/../lib/gcc/avr/4.6.2/avr51\libgcc.a(_divmodhi4.o)
 .text          0x00000000        0x0 c:/program files (x86)/atmel/atmel studio 6.0/extensions/atmel/avrgcc/3.4.1.95/avrtoolchain/bin/../lib/gcc/avr/4.6.2/avr51\libgcc.a(_udivmodsi4.o)
 .bss           0x00000000        0x0 c:/program files (x86)/atmel/atmel studio 6.0/extensions/atmel/avrgcc/3.4.1.95/avrtoolchain/bin/../lib/gcc/avr/4.6.2/avr51\libgcc.a(_udivmodsi4.o)
 .text          0x00000000        0x0 c:/program files (x86)/atmel/atmel studio 6.0/extensions/atmel/avrgcc/3.4.1.95/avrtoolchain/bin/../lib/gcc/avr/4.6.2/avr51\libgcc.a(_exit.o)
 .bss           0x00000000        0x0 c:/program files (x86)/atmel/atmel studio 6.0/extensions/atmel/avrgcc/3.4.1.95/avrtoolchain/bin/../lib/gcc/avr/4.6.2/avr51\libgcc.a(_exit.o)
 .text.libgcc   0x00000000        0x0 c:/program files (x86)/atmel/atmel studio 6.0/extensions/atmel/avrgcc/3.4.1.95/avrtoolchain/bin/../lib/gcc/avr/4.6.2/avr51\libgcc.a(_exit.o)
 .text          0x00000000        0x0 c:/program files (x86)/atmel/atmel studio 6.0/extensions/atmel/avrgcc/3.4.1.95/avrtoolchain/bin/../lib/gcc/avr/4.6.2/avr51\libgcc.a(_copy_data.o)
 .bss           0x00000000        0x0 c:/program files (x86)/atmel/atmel studio 6.0/extensions/atmel/avrgcc/3.4.1.95/avrtoolchain/bin/../lib/gcc/avr/4.6.2/avr51\libgcc.a(_copy_data.o)
 .text.libgcc   0x00000000        0x0 c:/program files (x86)/atmel/atmel studio 6.0/extensions/atmel/avrgcc/3.4.1.95/avrtoolchain/bin/../lib/gcc/avr/4.6.2/avr51\libgcc.a(_copy_data.o)
 .text          0x00000000        0x0 c:/program files (x86)/atmel/atmel studio 6.0/extensions/atmel/avrgcc/3.4.1.95/avrtoolchain/bin/../lib/gcc/avr/4.6.2/avr51\libgcc.a(_clear_bss.o)
 .bss           0x00000000        0x0 c:/program files (x86)/atmel/atmel studio 6.0/extensions/atmel/avrgcc/3.4.1.95/avrtoolchain/bin/../lib/gcc/avr/4.6.2/avr51\libgcc.a(_clear_bss.o)
 .text.libgcc   0x00000000        0x0 c:/program files (x86)/atmel/atmel studio 6.0/extensions/atmel/avrgcc/3.4.1.95/avrtoolchain/bin/../lib/gcc/avr/4.6.2/avr51\libgcc.a(_clear_bss.o)
 .text          0x00000000        0x0 c:/program files (x86)/atmel/atmel studio 6.0/extensions/atmel/avrgcc/3.4.1.95/avrtoolchain/bin/../lib/gcc/avr/4.6.2/avr51\libgcc.a(_udivmodhi4.o)
 .bss           0x00000000        0x0 c:/program files (x86)/atmel/atmel studio 6.0/extensions/atmel/avrgcc/3.4.1.95/avrtoolchain/bin/../lib/gcc/avr/4.6.2/avr51\libgcc.a(_udivmodhi4.o)
 .text          0x00000000        0x0 c:/program files (x86)/atmel/atmel studio 6.0/extensions/atmel/avrgcc/3.4.1.95/avrtoolchain/bin/../lib/gcc/avr/4.6.2/../../../../avr/lib/avr51\libc.a(rand.o)
 .bss           0x00000000        0x0 c:/program files (x86)/atmel/atmel studio 6.0/extensions/atmel/avrgcc/3.4.1.95/avrtoolchain/bin/../lib/gcc/avr/4.6.2/../../../../avr/lib/avr51\libc.a(rand.o)
 .text          0x00000000        0x0 c:/program files (x86)/atmel/atmel studio 6.0/extensions/atmel/avrgcc/3.4.1.95/avrtoolchain/bin/../lib/gcc/avr/4.6.2/../../../../avr/lib/avr51\libc.a(memcpy.o)
 .bss           0x00000000        0x0 c:/program files (x86)/atmel/atmel studio 6.0/extensions/atmel/avrgcc/3.4.1.95/avrtoolchain/bin/../lib/gcc/avr/4.6.2/../../../../avr/lib/avr51\libc.a(memcpy.o)
 .text          0x00000000        0x0 c:/program files (x86)/atmel/atmel studio 6.0/extensions/atmel/avrgcc/3.4.1.95/avrtoolchain/bin/../lib/gcc/avr/4.6.2/../../../../avr/lib/avr51\libc.a(eerd_word_atmega128rfa1.o)
 .bss           0x00000000        0x0 c:/program files (x86)/atmel/atmel studio 6.0/extensions/atmel/avrgcc/3.4.1.95/avrtoolchain/bin/../lib/gcc/avr/4.6.2/../../../../avr/lib/avr51\libc.a(eerd_word_atmega128rfa1.o)
 .text          0x00000000        0x0 c:/program files (x86)/atmel/atmel studio 6.0/extensions/atmel/avrgcc/3.4.1.95/avrtoolchain/bin/../lib/gcc/avr/4.6.2/../../../../avr/lib/avr51\libc.a(eewr_word_atmega128rfa1.o)
 .bss           0x00000000        0x0 c:/program files (x86)/atmel/atmel studio 6.0/extensions/atmel/avrgcc/3.4.1.95/avrtoolchain/bin/../lib/gcc/avr/4.6.2/../../../../avr/lib/avr51\libc.a(eewr_word_atmega128rfa1.o)
 .text          0x00000000        0x0 c:/program files (x86)/atmel/atmel studio 6.0/extensions/atmel/avrgcc/3.4.1.95/avrtoolchain/bin/../lib/gcc/avr/4.6.2/../../../../avr/lib/avr51\libc.a(eerd_block_atmega128rfa1.o)
 .bss           0x00000000        0x0 c:/program files (x86)/atmel/atmel studio 6.0/extensions/atmel/avrgcc/3.4.1.95/avrtoolchain/bin/../lib/gcc/avr/4.6.2/../../../../avr/lib/avr51\libc.a(eerd_block_atmega128rfa1.o)
 .text          0x00000000        0x0 c:/program files (x86)/atmel/atmel studio 6.0/extensions/atmel/avrgcc/3.4.1.95/avrtoolchain/bin/../lib/gcc/avr/4.6.2/../../../../avr/lib/avr51\libc.a(eewr_byte_atmega128rfa1.o)
 .bss           0x00000000        0x0 c:/program files (x86)/atmel/atmel studio 6.0/extensions/atmel/avrgcc/3.4.1.95/avrtoolchain/bin/../lib/gcc/avr/4.6.2/../../../../avr/lib/avr51\libc.a(eewr_byte_atmega128rfa1.o)
 .text          0x00000000        0x0 c:/program files (x86)/atmel/atmel studio 6.0/extensions/atmel/avrgcc/3.4.1.95/avrtoolchain/bin/../lib/gcc/avr/4.6.2/avr51\libgcc.a(_divmodsi4.o)
 .bss           0x00000000        0x0 c:/program files (x86)/atmel/atmel studio 6.0/extensions/atmel/avrgcc/3.4.1.95/avrtoolchain/bin/../lib/gcc/avr/4.6.2/avr51\libgcc.a(_divmodsi4.o)

Memory Configuration

Name             Origin             Length             Attributes
text             0x00000000         0x00020000         xr
data             0x00800100         0x0000ff00         rw !x
eeprom           0x00810000         0x00010000         rw !x
fuse             0x00820000         0x00000400         rw !x
lock             0x00830000         0x00000400         rw !x
signature        0x00840000         0x00000400         rw !x
*default*        0x00000000         0xffffffff

Linker script and memory map

Address of section .data set to 0x800200
LOAD c:/program files (x86)/atmel/atmel studio 6.0/extensions/atmel/avrgcc/3.4.1.95/avrtoolchain/bin/../lib/gcc/avr/4.6.2/../../../../avr/lib/avr51/crtm128rfa1.o
LOAD stack/hal/atmega128rfa1/src/hal.o
LOAD stack/hal/atmega128rfa1/src/halTimer.o
LOAD stack/phy/atmega128rfa1/src/phy.o
LOAD stack/hal/atmega128rfa1/src/halSleep.o
LOAD stack/hal/atmega128rfa1/src/halUart.o
LOAD stack/nwk/src/nwk.o
LOAD stack/nwk/src/nwkDataReq.o
LOAD stack/nwk/src/nwkSecurity.o
LOAD stack/nwk/src/nwkFrame.o
LOAD stack/nwk/src/nwkRoute.o
LOAD stack/nwk/src/nwkRx.o
LOAD stack/nwk/src/nwkTx.o
LOAD stack/sys/src/sys.o
LOAD stack/sys/src/sysTimer.o
LOAD stack/sys/src/sysEncrypt.o
LOAD FoolsLantern.o
LOAD LED2812.o
LOAD OutPortE.o
START GROUP
END GROUP
LOAD c:/program files (x86)/atmel/atmel studio 6.0/extensions/atmel/avrgcc/3.4.1.95/avrtoolchain/bin/../lib/gcc/avr/4.6.2/avr51\libgcc.a
LOAD c:/program files (x86)/atmel/atmel studio 6.0/extensions/atmel/avrgcc/3.4.1.95/avrtoolchain/bin/../lib/gcc/avr/4.6.2/../../../../avr/lib/avr51\libc.a
LOAD c:/program files (x86)/atmel/atmel studio 6.0/extensions/atmel/avrgcc/3.4.1.95/avrtoolchain/bin/../lib/gcc/avr/4.6.2/avr51\libgcc.a

.hash
 *(.hash)

.dynsym
 *(.dynsym)

.dynstr
 *(.dynstr)

.gnu.version
 *(.gnu.version)

.gnu.version_d
 *(.gnu.version_d)

.gnu.version_r
 *(.gnu.version_r)

.rel.init
 *(.rel.init)

.rela.init
 *(.rela.init)

.rel.text
 *(.rel.text)
 *(.rel.text.*)
 *(.rel.gnu.linkonce.t*)

.rela.text
 *(.rela.text)
 *(.rela.text.*)
 *(.rela.gnu.linkonce.t*)

.rel.fini
 *(.rel.fini)

.rela.fini
 *(.rela.fini)

.rel.rodata
 *(.rel.rodata)
 *(.rel.rodata.*)
 *(.rel.gnu.linkonce.r*)

.rela.rodata
 *(.rela.rodata)
 *(.rela.rodata.*)
 *(.rela.gnu.linkonce.r*)

.rel.data
 *(.rel.data)
 *(.rel.data.*)
 *(.rel.gnu.linkonce.d*)

.rela.data
 *(.rela.data)
 *(.rela.data.*)
 *(.rela.gnu.linkonce.d*)

.rel.ctors
 *(.rel.ctors)

.rela.ctors
 *(.rela.ctors)

.rel.dtors
 *(.rel.dtors)

.rela.dtors
 *(.rela.dtors)

.rel.got
 *(.rel.got)

.rela.got
 *(.rela.got)

.rel.bss
 *(.rel.bss)

.rela.bss
 *(.rela.bss)

.rel.plt
 *(.rel.plt)

.rela.plt
 *(.rela.plt)

.text           0x00000000     0x3d2c
 *(.vectors)
 .vectors       0x00000000      0x120 c:/program files (x86)/atmel/atmel studio 6.0/extensions/atmel/avrgcc/3.4.1.95/avrtoolchain/bin/../lib/gcc/avr/4.6.2/../../../../avr/lib/avr51/crtm128rfa1.o
                0x00000000                __vector_default
                0x00000000                __vectors
 *(.vectors)
 *(.progmem.gcc*)
 *(.progmem*)
                0x00000120                . = ALIGN (0x2)
                0x00000120                __trampolines_start = .
 *(.trampolines)
 .trampolines   0x00000120        0x0 linker stubs
 *(.trampolines*)
                0x00000120                __trampolines_end = .
 *(.jumptables)
 *(.jumptables*)
 *(.lowtext)
 *(.lowtext*)
                0x00000120                __ctors_start = .
 *(.ctors)
                0x00000120                __ctors_end = .
                0x00000120                __dtors_start = .
 *(.dtors)
                0x00000120                __dtors_end = .
 SORT(*)(.ctors)
 SORT(*)(.dtors)
 *(.init0)
 .init0         0x00000120        0x0 c:/program files (x86)/atmel/atmel studio 6.0/extensions/atmel/avrgcc/3.4.1.95/avrtoolchain/bin/../lib/gcc/avr/4.6.2/../../../../avr/lib/avr51/crtm128rfa1.o
                0x00000120                __init
 *(.init0)
 *(.init1)
 *(.init1)
 *(.init2)
 .init2         0x00000120        0xc c:/program files (x86)/atmel/atmel studio 6.0/extensions/atmel/avrgcc/3.4.1.95/avrtoolchain/bin/../lib/gcc/avr/4.6.2/../../../../avr/lib/avr51/crtm128rfa1.o
 *(.init2)
 *(.init3)
 *(.init3)
 *(.init4)
 .init4         0x0000012c       0x1c c:/program files (x86)/atmel/atmel studio 6.0/extensions/atmel/avrgcc/3.4.1.95/avrtoolchain/bin/../lib/gcc/avr/4.6.2/avr51\libgcc.a(_copy_data.o)
                0x0000012c                __do_copy_data
 .init4         0x00000148       0x10 c:/program files (x86)/atmel/atmel studio 6.0/extensions/atmel/avrgcc/3.4.1.95/avrtoolchain/bin/../lib/gcc/avr/4.6.2/avr51\libgcc.a(_clear_bss.o)
                0x00000148                __do_clear_bss
 *(.init4)
 *(.init5)
 *(.init5)
 *(.init6)
 *(.init6)
 *(.init7)
 *(.init7)
 *(.init8)
 *(.init8)
 *(.init9)
 .init9         0x00000158        0x8 c:/program files (x86)/atmel/atmel studio 6.0/extensions/atmel/avrgcc/3.4.1.95/avrtoolchain/bin/../lib/gcc/avr/4.6.2/../../../../avr/lib/avr51/crtm128rfa1.o
 *(.init9)
 *(.text)
 .text          0x00000160        0x4 c:/program files (x86)/atmel/atmel studio 6.0/extensions/atmel/avrgcc/3.4.1.95/avrtoolchain/bin/../lib/gcc/avr/4.6.2/../../../../avr/lib/avr51/crtm128rfa1.o
                0x00000160                __vector_38
                0x00000160                __vector_22
                0x00000160                __vector_28
                0x00000160                __vector_67
                0x00000160                __vector_1
                0x00000160                __vector_32
                0x00000160                __vector_71
                0x00000160                __vector_34
                0x00000160                __vector_62
                0x00000160                __vector_24
                0x00000160                __vector_12
                0x00000160                __vector_55
                0x00000160                __vector_69
                0x00000160                __vector_46
                0x00000160                __bad_interrupt
                0x00000160                __vector_6
                0x00000160                __vector_31
                0x00000160                __vector_35
                0x00000160                __vector_39
                0x00000160                __vector_3
                0x00000160                __vector_23
                0x00000160                __vector_68
                0x00000160                __vector_30
                0x00000160                __vector_45
                0x00000160                __vector_25
                0x00000160                __vector_61
                0x00000160                __vector_11
                0x00000160                __vector_54
                0x00000160                __vector_17
                0x00000160                __vector_19
                0x00000160                __vector_56
                0x00000160                __vector_7
                0x00000160                __vector_49
                0x00000160                __vector_41
                0x00000160                __vector_64
                0x00000160                __vector_27
                0x00000160                __vector_5
                0x00000160                __vector_33
                0x00000160                __vector_47
                0x00000160                __vector_52
                0x00000160                __vector_4
                0x00000160                __vector_44
                0x00000160                __vector_51
                0x00000160                __vector_9
                0x00000160                __vector_2
                0x00000160                __vector_21
                0x00000160                __vector_15
                0x00000160                __vector_66
                0x00000160                __vector_58
                0x00000160                __vector_70
                0x00000160                __vector_29
                0x00000160                __vector_40
                0x00000160                __vector_8
                0x00000160                __vector_26
                0x00000160                __vector_48
                0x00000160                __vector_14
                0x00000160                __vector_57
                0x00000160                __vector_53
                0x00000160                __vector_10
                0x00000160                __vector_50
                0x00000160                __vector_16
                0x00000160                __vector_59
                0x00000160                __vector_18
                0x00000160                __vector_20
                0x00000160                __vector_65
 .text          0x00000164       0x40 LED2812.o
                0x00000164                updateLEDs
                0x000001a4                . = ALIGN (0x2)
 *(.text.*)
 .text.HAL_Init
                0x000001a4       0x2c stack/hal/atmega128rfa1/src/hal.o
                0x000001a4                HAL_Init
 .text.HAL_TimerInit
                0x000001d0       0x4e stack/hal/atmega128rfa1/src/halTimer.o
                0x000001d0                HAL_TimerInit
 .text.__vector_42
                0x0000021e       0x2e stack/hal/atmega128rfa1/src/halTimer.o
                0x0000021e                __vector_42
 .text.__vector_43
                0x0000024c       0x2a stack/hal/atmega128rfa1/src/halTimer.o
                0x0000024c                __vector_43
 .text.PHY_Init
                0x00000276       0x8a stack/phy/atmega128rfa1/src/phy.o
                0x00000276                PHY_Init
 .text.PHY_SetRxState
                0x00000300       0x24 stack/phy/atmega128rfa1/src/phy.o
                0x00000300                PHY_SetRxState
 .text.PHY_SetChannel
                0x00000324       0x24 stack/phy/atmega128rfa1/src/phy.o
                0x00000324                PHY_SetChannel
 .text.PHY_SetPanId
                0x00000348       0x2e stack/phy/atmega128rfa1/src/phy.o
                0x00000348                PHY_SetPanId
 .text.PHY_SetShortAddr
                0x00000376       0x2e stack/phy/atmega128rfa1/src/phy.o
                0x00000376                PHY_SetShortAddr
 .text.PHY_Busy
                0x000003a4       0x28 stack/phy/atmega128rfa1/src/phy.o
                0x000003a4                PHY_Busy
 .text.PHY_DataReq
                0x000003cc       0x74 stack/phy/atmega128rfa1/src/phy.o
                0x000003cc                PHY_DataReq
 .text.__vector_63
                0x00000440       0x88 stack/phy/atmega128rfa1/src/phy.o
                0x00000440                __vector_63
 .text.__vector_60
                0x000004c8       0x68 stack/phy/atmega128rfa1/src/phy.o
                0x000004c8                __vector_60
 .text.phySetRxState
                0x00000530       0x24 stack/phy/atmega128rfa1/src/phy.o
 .text.phyHandleSetRequests
                0x00000554       0xc0 stack/phy/atmega128rfa1/src/phy.o
 .text.phyTrxSetState
                0x00000614       0x3c stack/phy/atmega128rfa1/src/phy.o
 .text.PHY_TaskHandler
                0x00000650      0x100 stack/phy/atmega128rfa1/src/phy.o
                0x00000650                PHY_TaskHandler
 .text.__vector_13
                0x00000750       0x2a stack/hal/atmega128rfa1/src/halSleep.o
                0x00000750                __vector_13
 .text.__vector_37
                0x0000077a       0x5c stack/hal/atmega128rfa1/src/halUart.o
                0x0000077a                __vector_37
 .text.__vector_36
                0x000007d6       0xe4 stack/hal/atmega128rfa1/src/halUart.o
                0x000007d6                __vector_36
 .text.NWK_Init
                0x000008ba       0x5c stack/nwk/src/nwk.o
                0x000008ba                NWK_Init
 .text.NWK_SetAddr
                0x00000916       0x2c stack/nwk/src/nwk.o
                0x00000916                NWK_SetAddr
 .text.NWK_SetPanId
                0x00000942       0x2c stack/nwk/src/nwk.o
                0x00000942                NWK_SetPanId
 .text.NWK_OpenEndpoint
                0x0000096e       0x38 stack/nwk/src/nwk.o
                0x0000096e                NWK_OpenEndpoint
 .text.NWK_TaskHandler
                0x000009a6       0x1a stack/nwk/src/nwk.o
                0x000009a6                NWK_TaskHandler
 .text.nwkDataReqInit
                0x000009c0       0x16 stack/nwk/src/nwkDataReq.o
                0x000009c0                nwkDataReqInit
 .text.NWK_DataReq
                0x000009d6       0x74 stack/nwk/src/nwkDataReq.o
                0x000009d6                NWK_DataReq
 .text.nwkDataReqSendFrame
                0x00000a4a      0x1a6 stack/nwk/src/nwkDataReq.o
 .text.nwkDataReqTxConf
                0x00000bf0       0x92 stack/nwk/src/nwkDataReq.o
 .text.nwkDataReqConfirm
                0x00000c82       0xa4 stack/nwk/src/nwkDataReq.o
 .text.nwkDataReqTaskHandler
                0x00000d26       0x6c stack/nwk/src/nwkDataReq.o
                0x00000d26                nwkDataReqTaskHandler
 .text.nwkFrameInit
                0x00000d92       0x4c stack/nwk/src/nwkFrame.o
                0x00000d92                nwkFrameInit
 .text.nwkFrameAlloc
                0x00000dde       0x9a stack/nwk/src/nwkFrame.o
                0x00000dde                nwkFrameAlloc
 .text.nwkFrameFree
                0x00000e78       0x20 stack/nwk/src/nwkFrame.o
                0x00000e78                nwkFrameFree
 .text.nwkFrameByIndex
                0x00000e98       0x30 stack/nwk/src/nwkFrame.o
                0x00000e98                nwkFrameByIndex
 .text.nwkFrameCommandInit
                0x00000ec8       0xd2 stack/nwk/src/nwkFrame.o
                0x00000ec8                nwkFrameCommandInit
 .text.nwkRouteInit
                0x00000f9a       0x44 stack/nwk/src/nwkRoute.o
                0x00000f9a                nwkRouteInit
 .text.nwkRouteFindRecord
                0x00000fde       0x84 stack/nwk/src/nwkRoute.o
 .text.nwkRouteRemove
                0x00001062       0x40 stack/nwk/src/nwkRoute.o
                0x00001062                nwkRouteRemove
 .text.nwkRouteFrameReceived
                0x000010a2      0x132 stack/nwk/src/nwkRoute.o
                0x000010a2                nwkRouteFrameReceived
 .text.nwkRouteFrameSent
                0x000011d4      0x112 stack/nwk/src/nwkRoute.o
                0x000011d4                nwkRouteFrameSent
 .text.nwkRouteNextHop
                0x000012e6       0x8a stack/nwk/src/nwkRoute.o
                0x000012e6                nwkRouteNextHop
 .text.nwkRouteFrame
                0x00001370       0x7a stack/nwk/src/nwkRoute.o
                0x00001370                nwkRouteFrame
 .text.nwkRouteTxFrameConf
                0x000013ea       0x20 stack/nwk/src/nwkRoute.o
 .text.nwkRouteSendRouteError
                0x0000140a       0xa4 stack/nwk/src/nwkRoute.o
 .text.nwkRouteErrorConf
                0x000014ae       0x20 stack/nwk/src/nwkRoute.o
 .text.nwkRouteErrorReceived
                0x000014ce       0x3a stack/nwk/src/nwkRoute.o
                0x000014ce                nwkRouteErrorReceived
 .text.nwkRxInit
                0x00001508       0x78 stack/nwk/src/nwkRx.o
                0x00001508                nwkRxInit
 .text.PHY_DataInd
                0x00001580       0xea stack/nwk/src/nwkRx.o
                0x00001580                PHY_DataInd
 .text.nwkRxSendAck
                0x0000166a       0x9e stack/nwk/src/nwkRx.o
 .text.nwkRxSendAckConf
                0x00001708       0x20 stack/nwk/src/nwkRx.o
 .text.nwkRxDuplicateRejectionTimerHandler
                0x00001728       0xa0 stack/nwk/src/nwkRx.o
 .text.nwkRxRejectDuplicate
                0x000017c8      0x1c4 stack/nwk/src/nwkRx.o
 .text.nwkRxSeriveDataInd
                0x0000198c       0x52 stack/nwk/src/nwkRx.o
 .text.nwkRxIndicateFrame
                0x000019de      0x196 stack/nwk/src/nwkRx.o
 .text.nwkRxHandleReceivedFrame
                0x00001b74      0x15c stack/nwk/src/nwkRx.o
 .text.nwkRxTaskHandler
                0x00001cd0      0x13a stack/nwk/src/nwkRx.o
                0x00001cd0                nwkRxTaskHandler
 .text.nwkTxInit
                0x00001e0a       0x42 stack/nwk/src/nwkTx.o
                0x00001e0a                nwkTxInit
 .text.nwkTxFrame
                0x00001e4c      0x118 stack/nwk/src/nwkTx.o
                0x00001e4c                nwkTxFrame
 .text.nwkTxBroadcastFrame
                0x00001f64       0xea stack/nwk/src/nwkTx.o
                0x00001f64                nwkTxBroadcastFrame
 .text.nwkTxBroadcastConf
                0x0000204e       0x20 stack/nwk/src/nwkTx.o
 .text.nwkTxAckReceived
                0x0000206e       0xa8 stack/nwk/src/nwkTx.o
                0x0000206e                nwkTxAckReceived
 .text.nwkTxAckWaitTimerHandler
                0x00002116       0xb6 stack/nwk/src/nwkTx.o
 .text.convertPhyStatus
                0x000021cc       0x40 stack/nwk/src/nwkTx.o
 .text.PHY_DataConf
                0x0000220c       0x4c stack/nwk/src/nwkTx.o
                0x0000220c                PHY_DataConf
 .text.nwkTxTaskHandler
                0x00002258      0x16e stack/nwk/src/nwkTx.o
                0x00002258                nwkTxTaskHandler
 .text.SYS_Init
                0x000023c6       0x1e stack/sys/src/sys.o
                0x000023c6                SYS_Init
 .text.SYS_TaskHandler
                0x000023e4       0x1a stack/sys/src/sys.o
                0x000023e4                SYS_TaskHandler
 .text.SYS_TimerInit
                0x000023fe       0x16 stack/sys/src/sysTimer.o
                0x000023fe                SYS_TimerInit
 .text.SYS_TimerStart
                0x00002414       0x32 stack/sys/src/sysTimer.o
                0x00002414                SYS_TimerStart
 .text.SYS_TimerStop
                0x00002446       0xe8 stack/sys/src/sysTimer.o
                0x00002446                SYS_TimerStop
 .text.SYS_TimerStarted
                0x0000252e       0x56 stack/sys/src/sysTimer.o
                0x0000252e                SYS_TimerStarted
 .text.SYS_TimerTaskHandler
                0x00002584      0x180 stack/sys/src/sysTimer.o
                0x00002584                SYS_TimerTaskHandler
 .text.placeTimer
                0x00002704      0x1a8 stack/sys/src/sysTimer.o
 .text.__iCliRetVal
                0x000028ac       0x12 FoolsLantern.o
 .text.__iRestore
                0x000028be       0x28 FoolsLantern.o
 .text.appAddrConf
                0x000028e6       0x1c FoolsLantern.o
 .text.appSendAddr
                0x00002902       0x88 FoolsLantern.o
 .text.appSyncConf
                0x0000298a       0x1c FoolsLantern.o
 .text.appSendSync
                0x000029a6      0x124 FoolsLantern.o
 .text.addrCheckTimerHandler
                0x00002aca       0x18 FoolsLantern.o
 .text.accelerationTimerHandler
                0x00002ae2       0xa4 FoolsLantern.o
 .text.channelTimerHandler
                0x00002b86       0x38 FoolsLantern.o
 .text.cmdTimerHandler
                0x00002bbe       0xe4 FoolsLantern.o
 .text.appLEDAnimationTimerHandler
                0x00002ca2      0x518 FoolsLantern.o
 .text.LEDCmdDataInd
                0x000031ba       0x8c FoolsLantern.o
 .text.SyncDataInd
                0x00003246       0xde FoolsLantern.o
 .text.appInit  0x00003324      0x3e0 FoolsLantern.o
 .text.APP_TaskHandler
                0x00003704      0x380 FoolsLantern.o
 .text.main     0x00003a84       0x58 FoolsLantern.o
                0x00003a84                main
 .text.libgcc   0x00003adc       0x3e c:/program files (x86)/atmel/atmel studio 6.0/extensions/atmel/avrgcc/3.4.1.95/avrtoolchain/bin/../lib/gcc/avr/4.6.2/avr51\libgcc.a(_mulsi3.o)
                0x00003adc                __mulsi3
 .text.libgcc   0x00003b1a       0x18 c:/program files (x86)/atmel/atmel studio 6.0/extensions/atmel/avrgcc/3.4.1.95/avrtoolchain/bin/../lib/gcc/avr/4.6.2/avr51\libgcc.a(_udivmodqi4.o)
                0x00003b1a                __udivmodqi4
 .text.libgcc   0x00003b32       0x26 c:/program files (x86)/atmel/atmel studio 6.0/extensions/atmel/avrgcc/3.4.1.95/avrtoolchain/bin/../lib/gcc/avr/4.6.2/avr51\libgcc.a(_divmodhi4.o)
                0x00003b32                _div
                0x00003b32                __divmodhi4
 .text.libgcc   0x00003b58       0x44 c:/program files (x86)/atmel/atmel studio 6.0/extensions/atmel/avrgcc/3.4.1.95/avrtoolchain/bin/../lib/gcc/avr/4.6.2/avr51\libgcc.a(_udivmodsi4.o)
                0x00003b58                __udivmodsi4
 .text.libgcc   0x00003b9c       0x28 c:/program files (x86)/atmel/atmel studio 6.0/extensions/atmel/avrgcc/3.4.1.95/avrtoolchain/bin/../lib/gcc/avr/4.6.2/avr51\libgcc.a(_udivmodhi4.o)
                0x00003b9c                __udivmodhi4
 .text.avr-libc
                0x00003bc4       0xca c:/program files (x86)/atmel/atmel studio 6.0/extensions/atmel/avrgcc/3.4.1.95/avrtoolchain/bin/../lib/gcc/avr/4.6.2/../../../../avr/lib/avr51\libc.a(rand.o)
                0x00003c68                rand_r
                0x00003c6e                rand
                0x00003c78                srand
 .text.avr-libc
                0x00003c8e       0x12 c:/program files (x86)/atmel/atmel studio 6.0/extensions/atmel/avrgcc/3.4.1.95/avrtoolchain/bin/../lib/gcc/avr/4.6.2/../../../../avr/lib/avr51\libc.a(memcpy.o)
                0x00003c8e                memcpy
 .text.avr-libc
                0x00003ca0        0xc c:/program files (x86)/atmel/atmel studio 6.0/extensions/atmel/avrgcc/3.4.1.95/avrtoolchain/bin/../lib/gcc/avr/4.6.2/../../../../avr/lib/avr51\libc.a(eerd_word_atmega128rfa1.o)
                0x00003ca0                __eerd_word_m128rfa1
 .text.avr-libc
                0x00003cac        0xa c:/program files (x86)/atmel/atmel studio 6.0/extensions/atmel/avrgcc/3.4.1.95/avrtoolchain/bin/../lib/gcc/avr/4.6.2/../../../../avr/lib/avr51\libc.a(eewr_word_atmega128rfa1.o)
                0x00003cac                __eewr_word_m128rfa1
 .text.avr-libc
                0x00003cb6       0x20 c:/program files (x86)/atmel/atmel studio 6.0/extensions/atmel/avrgcc/3.4.1.95/avrtoolchain/bin/../lib/gcc/avr/4.6.2/../../../../avr/lib/avr51\libc.a(eerd_block_atmega128rfa1.o)
                0x00003cb6                __eerd_block_m128rfa1
                0x00003cba                __eerd_blraw_m128rfa1
 .text.avr-libc
                0x00003cd6       0x1c c:/program files (x86)/atmel/atmel studio 6.0/extensions/atmel/avrgcc/3.4.1.95/avrtoolchain/bin/../lib/gcc/avr/4.6.2/../../../../avr/lib/avr51\libc.a(eewr_byte_atmega128rfa1.o)
                0x00003cd6                __eewr_byte_m128rfa1
                0x00003cd8                __eewr_r18_m128rfa1
 .text.libgcc   0x00003cf2       0x36 c:/program files (x86)/atmel/atmel studio 6.0/extensions/atmel/avrgcc/3.4.1.95/avrtoolchain/bin/../lib/gcc/avr/4.6.2/avr51\libgcc.a(_divmodsi4.o)
                0x00003cf2                __divmodsi4
                0x00003d28                . = ALIGN (0x2)
 *(.fini9)
 .fini9         0x00003d28        0x0 c:/program files (x86)/atmel/atmel studio 6.0/extensions/atmel/avrgcc/3.4.1.95/avrtoolchain/bin/../lib/gcc/avr/4.6.2/avr51\libgcc.a(_exit.o)
                0x00003d28                _exit
                0x00003d28                exit
 *(.fini9)
 *(.fini8)
 *(.fini8)
 *(.fini7)
 *(.fini7)
 *(.fini6)
 *(.fini6)
 *(.fini5)
 *(.fini5)
 *(.fini4)
 *(.fini4)
 *(.fini3)
 *(.fini3)
 *(.fini2)
 *(.fini2)
 *(.fini1)
 *(.fini1)
 *(.fini0)
 .fini0         0x00003d28        0x4 c:/program files (x86)/atmel/atmel studio 6.0/extensions/atmel/avrgcc/3.4.1.95/avrtoolchain/bin/../lib/gcc/avr/4.6.2/avr51\libgcc.a(_exit.o)
 *(.fini0)
                0x00003d2c                _etext = .

.data           0x00800200        0x6 load address 0x00003d2c
                0x00800200                PROVIDE (__data_start, .)
 *(.data)
 .data          0x00800200        0x0 c:/program files (x86)/atmel/atmel studio 6.0/extensions/atmel/avrgcc/3.4.1.95/avrtoolchain/bin/../lib/gcc/avr/4.6.2/../../../../avr/lib/avr51/crtm128rfa1.o
 .data          0x00800200        0x0 stack/hal/atmega128rfa1/src/hal.o
 .data          0x00800200        0x0 stack/hal/atmega128rfa1/src/halTimer.o
 .data          0x00800200        0x0 stack/phy/atmega128rfa1/src/phy.o
 .data          0x00800200        0x0 stack/hal/atmega128rfa1/src/halSleep.o
 .data          0x00800200        0x0 stack/hal/atmega128rfa1/src/halUart.o
 .data          0x00800200        0x0 stack/nwk/src/nwk.o
 .data          0x00800200        0x0 stack/nwk/src/nwkDataReq.o
 .data          0x00800200        0x0 stack/nwk/src/nwkSecurity.o
 .data          0x00800200        0x0 stack/nwk/src/nwkFrame.o
 .data          0x00800200        0x0 stack/nwk/src/nwkRoute.o
 .data          0x00800200        0x0 stack/nwk/src/nwkRx.o
 .data          0x00800200        0x0 stack/nwk/src/nwkTx.o
 .data          0x00800200        0x0 stack/sys/src/sys.o
 .data          0x00800200        0x0 stack/sys/src/sysTimer.o
 .data          0x00800200        0x0 stack/sys/src/sysEncrypt.o
 .data          0x00800200        0x0 FoolsLantern.o
 .data          0x00800200        0x0 LED2812.o
 .data          0x00800200        0x0 OutPortE.o
 .data          0x00800200        0x0 c:/program files (x86)/atmel/atmel studio 6.0/extensions/atmel/avrgcc/3.4.1.95/avrtoolchain/bin/../lib/gcc/avr/4.6.2/avr51\libgcc.a(_mulsi3.o)
 .data          0x00800200        0x0 c:/program files (x86)/atmel/atmel studio 6.0/extensions/atmel/avrgcc/3.4.1.95/avrtoolchain/bin/../lib/gcc/avr/4.6.2/avr51\libgcc.a(_udivmodqi4.o)
 .data          0x00800200        0x0 c:/program files (x86)/atmel/atmel studio 6.0/extensions/atmel/avrgcc/3.4.1.95/avrtoolchain/bin/../lib/gcc/avr/4.6.2/avr51\libgcc.a(_divmodhi4.o)
 .data          0x00800200        0x0 c:/program files (x86)/atmel/atmel studio 6.0/extensions/atmel/avrgcc/3.4.1.95/avrtoolchain/bin/../lib/gcc/avr/4.6.2/avr51\libgcc.a(_udivmodsi4.o)
 .data          0x00800200        0x0 c:/program files (x86)/atmel/atmel studio 6.0/extensions/atmel/avrgcc/3.4.1.95/avrtoolchain/bin/../lib/gcc/avr/4.6.2/avr51\libgcc.a(_exit.o)
 .data          0x00800200        0x0 c:/program files (x86)/atmel/atmel studio 6.0/extensions/atmel/avrgcc/3.4.1.95/avrtoolchain/bin/../lib/gcc/avr/4.6.2/avr51\libgcc.a(_copy_data.o)
 .data          0x00800200        0x0 c:/program files (x86)/atmel/atmel studio 6.0/extensions/atmel/avrgcc/3.4.1.95/avrtoolchain/bin/../lib/gcc/avr/4.6.2/avr51\libgcc.a(_clear_bss.o)
 .data          0x00800200        0x0 c:/program files (x86)/atmel/atmel studio 6.0/extensions/atmel/avrgcc/3.4.1.95/avrtoolchain/bin/../lib/gcc/avr/4.6.2/avr51\libgcc.a(_udivmodhi4.o)
 .data          0x00800200        0x4 c:/program files (x86)/atmel/atmel studio 6.0/extensions/atmel/avrgcc/3.4.1.95/avrtoolchain/bin/../lib/gcc/avr/4.6.2/../../../../avr/lib/avr51\libc.a(rand.o)
 .data          0x00800204        0x0 c:/program files (x86)/atmel/atmel studio 6.0/extensions/atmel/avrgcc/3.4.1.95/avrtoolchain/bin/../lib/gcc/avr/4.6.2/../../../../avr/lib/avr51\libc.a(memcpy.o)
 .data          0x00800204        0x0 c:/program files (x86)/atmel/atmel studio 6.0/extensions/atmel/avrgcc/3.4.1.95/avrtoolchain/bin/../lib/gcc/avr/4.6.2/../../../../avr/lib/avr51\libc.a(eerd_word_atmega128rfa1.o)
 .data          0x00800204        0x0 c:/program files (x86)/atmel/atmel studio 6.0/extensions/atmel/avrgcc/3.4.1.95/avrtoolchain/bin/../lib/gcc/avr/4.6.2/../../../../avr/lib/avr51\libc.a(eewr_word_atmega128rfa1.o)
 .data          0x00800204        0x0 c:/program files (x86)/atmel/atmel studio 6.0/extensions/atmel/avrgcc/3.4.1.95/avrtoolchain/bin/../lib/gcc/avr/4.6.2/../../../../avr/lib/avr51\libc.a(eerd_block_atmega128rfa1.o)
 .data          0x00800204        0x0 c:/program files (x86)/atmel/atmel studio 6.0/extensions/atmel/avrgcc/3.4.1.95/avrtoolchain/bin/../lib/gcc/avr/4.6.2/../../../../avr/lib/avr51\libc.a(eewr_byte_atmega128rfa1.o)
 .data          0x00800204        0x0 c:/program files (x86)/atmel/atmel studio 6.0/extensions/atmel/avrgcc/3.4.1.95/avrtoolchain/bin/../lib/gcc/avr/4.6.2/avr51\libgcc.a(_divmodsi4.o)
 *(.data*)
 .data.nwkState
                0x00800204        0x1 FoolsLantern.o
 *(.rodata)
 *(.rodata*)
 *(.gnu.linkonce.d*)
                0x00800206                . = ALIGN (0x2)
 *fill*         0x00800205        0x1 00
                0x00800206                _edata = .
                0x00800206                PROVIDE (__data_end, .)

.bss            0x00800206      0x945
                0x00800206                PROVIDE (__bss_start, .)
 *(.bss)
 *(.bss*)
 .bss.halTimerDelayInt
                0x00800206        0x1 stack/hal/atmega128rfa1/src/halTimer.o
 .bss.phyIb     0x00800207        0x7 stack/phy/atmega128rfa1/src/phy.o
 .bss.phyState  0x0080020e        0x1 stack/phy/atmega128rfa1/src/phy.o
 .bss.phyTxStatus
                0x0080020f        0x1 stack/phy/atmega128rfa1/src/phy.o
 .bss.phyRxRssi
                0x00800210        0x1 stack/phy/atmega128rfa1/src/phy.o
 .bss.phyRxSize
                0x00800211        0x1 stack/phy/atmega128rfa1/src/phy.o
 .bss.phyRxBuffer
                0x00800212       0x80 stack/phy/atmega128rfa1/src/phy.o
 .bss.halSleepTimerEvent
                0x00800292        0x1 stack/hal/atmega128rfa1/src/halSleep.o
 .bss.rxFifo    0x00800293        0xa stack/hal/atmega128rfa1/src/halUart.o
 .bss.udrEmpty  0x0080029d        0x1 stack/hal/atmega128rfa1/src/halUart.o
 .bss.newData   0x0080029e        0x1 stack/hal/atmega128rfa1/src/halUart.o
 .bss.nwkDataReqQueue
                0x0080029f        0x2 stack/nwk/src/nwkDataReq.o
 .bss.nwkFrameFrames
                0x008002a1      0x428 stack/nwk/src/nwkFrame.o
 .bss.nwkRouteTable
                0x008006c9      0x258 stack/nwk/src/nwkRoute.o
 .bss.nwkRxDuplicateRejectionTable
                0x00800921       0x32 stack/nwk/src/nwkRx.o
 .bss.nwkRxActiveFrames
                0x00800953        0x1 stack/nwk/src/nwkRx.o
 .bss.nwkRxAckControl
                0x00800954        0x1 stack/nwk/src/nwkRx.o
 .bss.nwkRxDuplicateRejectionTimer
                0x00800955        0xd stack/nwk/src/nwkRx.o
 .bss.nwkTxPhyActiveFrame
                0x00800962        0x2 stack/nwk/src/nwkTx.o
 .bss.nwkTxActiveFrames
                0x00800964        0x1 stack/nwk/src/nwkTx.o
 .bss.nwkTxAckWaitTimer
                0x00800965        0xd stack/nwk/src/nwkTx.o
 .bss.timers    0x00800972        0x2 stack/sys/src/sysTimer.o
 .bss.myAddr    0x00800974        0x2 FoolsLantern.o
 .bss.appState  0x00800976        0x1 FoolsLantern.o
 .bss.addrCheckTimer
                0x00800977        0xd FoolsLantern.o
 .bss.animationTimer
                0x00800984        0xd FoolsLantern.o
 .bss.accelerationTimer
                0x00800991        0xd FoolsLantern.o
 .bss.cmdTimer  0x0080099e        0xd FoolsLantern.o
 .bss.channelTimer
                0x008009ab        0xd FoolsLantern.o
 .bss.appDataReq
                0x008009b8       0x11 FoolsLantern.o
 .bss.appSyncReq
                0x008009c9       0x11 FoolsLantern.o
 .bss.appDataReqBusy
                0x008009da        0x1 FoolsLantern.o
 .bss.appSyncReqBusy
                0x008009db        0x1 FoolsLantern.o
 .bss.cmdTimeout
                0x008009dc        0x1 FoolsLantern.o
 .bss.appDataReqBuffer
                0x008009dd       0x6d FoolsLantern.o
 .bss.appWorkingBuffer
                0x00800a4a       0x6d FoolsLantern.o
 .bss.appWorkingBufferPtr
                0x00800ab7        0x1 FoolsLantern.o
 .bss.currentChannel
                0x00800ab8        0x1 FoolsLantern.o
 .bss.cmdBuffer
                0x00800ab9        0x2 FoolsLantern.o
 .bss.cmdBufferPtr
                0x00800abb        0x2 FoolsLantern.o
 .bss.tempRed   0x00800abd        0x1 FoolsLantern.o
 .bss.tempGrn   0x00800abe        0x1 FoolsLantern.o
 .bss.tempBlu   0x00800abf        0x1 FoolsLantern.o
 .bss.flashState
                0x00800ac0        0x1 FoolsLantern.o
 .bss.randomPtr
                0x00800ac1        0x2 FoolsLantern.o
 .bss.randomFreq
                0x00800ac3        0x2 FoolsLantern.o
 .bss.throbDelta
                0x00800ac5        0x1 FoolsLantern.o
 .bss.throbSum  0x00800ac6        0x1 FoolsLantern.o
 .bss.throbFade
                0x00800ac7        0x1 FoolsLantern.o
 .bss.throbTimerAccel
                0x00800ac8        0x1 FoolsLantern.o
 .bss.fuse      0x00800ac9        0x1 FoolsLantern.o
 .bss.fuseChange
                0x00800aca        0x1 FoolsLantern.o
 .bss.animationTimerPeriod
                0x00800acb        0x2 FoolsLantern.o
 .bss.pulseOn   0x00800acd        0x1 FoolsLantern.o
 .bss.syncOn    0x00800ace        0x1 FoolsLantern.o
 .bss.LEDarray  0x00800acf       0x30 FoolsLantern.o
 .bss.LEDpattern
                0x00800aff       0x30 FoolsLantern.o
 .bss.currentLEDmode
                0x00800b2f        0x1 FoolsLantern.o
 .bss.latestRSSI
                0x00800b30        0x1 FoolsLantern.o
 .bss.averageRSSI
                0x00800b31        0x1 FoolsLantern.o
 .bss.mainLoopBlink
                0x00800b32        0x2 FoolsLantern.o
 .bss.debug1Blink
                0x00800b34        0x2 FoolsLantern.o
 .bss.debug2Blink
                0x00800b36        0x2 FoolsLantern.o
 .bss.debug3Blink
                0x00800b38        0x2 FoolsLantern.o
 .bss.debug4Blink
                0x00800b3a        0x2 FoolsLantern.o
 *(COMMON)
 COMMON         0x00800b3c        0x1 stack/hal/atmega128rfa1/src/halTimer.o
                0x00800b3c                halTimerIrqCount
 COMMON         0x00800b3d        0xe stack/nwk/src/nwk.o
                0x00800b3d                nwkIb
                0x00800b4b                PROVIDE (__bss_end, .)
                0x00003d2c                __data_load_start = LOADADDR (.data)
                0x00003d32                __data_load_end = (__data_load_start + SIZEOF (.data))

.noinit         0x00800b4b        0x0
                0x00800b4b                PROVIDE (__noinit_start, .)
 *(.noinit*)
                0x00800b4b                PROVIDE (__noinit_end, .)
                0x00800b4b                _end = .
                0x00800b4b                PROVIDE (__heap_start, .)

.eeprom         0x00810000        0x2
 *(.eeprom*)
 .eeprom        0x00810000        0x2 FoolsLantern.o
                0x00810002                __eeprom_end = .

.fuse
 *(.fuse)
 *(.lfuse)
 *(.hfuse)
 *(.efuse)

.lock
 *(.lock*)

.signature
 *(.signature*)

.stab           0x00000000      0x9fc
 *(.stab)
 .stab          0x00000000      0x6cc c:/program files (x86)/atmel/atmel studio 6.0/extensions/atmel/avrgcc/3.4.1.95/avrtoolchain/bin/../lib/gcc/avr/4.6.2/../../../../avr/lib/avr51/crtm128rfa1.o
 .stab          0x000006cc       0x84 c:/program files (x86)/atmel/atmel studio 6.0/extensions/atmel/avrgcc/3.4.1.95/avrtoolchain/bin/../lib/gcc/avr/4.6.2/../../../../avr/lib/avr51\libc.a(memcpy.o)
                                 0x90 (size before relaxing)
 .stab          0x00000750       0x6c c:/program files (x86)/atmel/atmel studio 6.0/extensions/atmel/avrgcc/3.4.1.95/avrtoolchain/bin/../lib/gcc/avr/4.6.2/../../../../avr/lib/avr51\libc.a(eerd_word_atmega128rfa1.o)
                                 0x78 (size before relaxing)
 .stab          0x000007bc       0x54 c:/program files (x86)/atmel/atmel studio 6.0/extensions/atmel/avrgcc/3.4.1.95/avrtoolchain/bin/../lib/gcc/avr/4.6.2/../../../../avr/lib/avr51\libc.a(eewr_word_atmega128rfa1.o)
                                 0x60 (size before relaxing)
 .stab          0x00000810      0x108 c:/program files (x86)/atmel/atmel studio 6.0/extensions/atmel/avrgcc/3.4.1.95/avrtoolchain/bin/../lib/gcc/avr/4.6.2/../../../../avr/lib/avr51\libc.a(eerd_block_atmega128rfa1.o)
                                0x114 (size before relaxing)
 .stab          0x00000918       0xe4 c:/program files (x86)/atmel/atmel studio 6.0/extensions/atmel/avrgcc/3.4.1.95/avrtoolchain/bin/../lib/gcc/avr/4.6.2/../../../../avr/lib/avr51\libc.a(eewr_byte_atmega128rfa1.o)
                                 0xf0 (size before relaxing)

.stabstr        0x00000000      0x274
 *(.stabstr)
 .stabstr       0x00000000      0x274 c:/program files (x86)/atmel/atmel studio 6.0/extensions/atmel/avrgcc/3.4.1.95/avrtoolchain/bin/../lib/gcc/avr/4.6.2/../../../../avr/lib/avr51/crtm128rfa1.o

.stab.excl
 *(.stab.excl)

.stab.exclstr
 *(.stab.exclstr)

.stab.index
 *(.stab.index)

.stab.indexstr
 *(.stab.indexstr)

.comment
 *(.comment)

.debug
 *(.debug)

.line
 *(.line)

.debug_srcinfo
 *(.debug_srcinfo)

.debug_sfnames
 *(.debug_sfnames)

.debug_aranges  0x00000000      0x650
 *(.debug_aranges)
 .debug_aranges
                0x00000000       0x28 stack/hal/atmega128rfa1/src/hal.o
 .debug_aranges
                0x00000028       0x38 stack/hal/atmega128rfa1/src/halTimer.o
 .debug_aranges
                0x00000060       0x90 stack/phy/atmega128rfa1/src/phy.o
 .debug_aranges
                0x000000f0       0x28 stack/hal/atmega128rfa1/src/halSleep.o
 .debug_aranges
                0x00000118       0x48 stack/hal/atmega128rfa1/src/halUart.o
 .debug_aranges
                0x00000160       0x58 stack/nwk/src/nwk.o
 .debug_aranges
                0x000001b8       0x50 stack/nwk/src/nwkDataReq.o
 .debug_aranges
                0x00000208       0x40 stack/nwk/src/nwkFrame.o
 .debug_aranges
                0x00000248       0x78 stack/nwk/src/nwkRoute.o
 .debug_aranges
                0x000002c0       0x78 stack/nwk/src/nwkRx.o
 .debug_aranges
                0x00000338       0x68 stack/nwk/src/nwkTx.o
 .debug_aranges
                0x000003a0       0x28 stack/sys/src/sys.o
 .debug_aranges
                0x000003c8       0x48 stack/sys/src/sysTimer.o
 .debug_aranges
                0x00000410       0xa8 FoolsLantern.o
 .debug_aranges
                0x000004b8       0x20 LED2812.o
 .debug_aranges
                0x000004d8       0x20 OutPortE.o
 .debug_aranges
                0x000004f8       0x20 c:/program files (x86)/atmel/atmel studio 6.0/extensions/atmel/avrgcc/3.4.1.95/avrtoolchain/bin/../lib/gcc/avr/4.6.2/avr51\libgcc.a(_mulsi3.o)
 .debug_aranges
                0x00000518       0x20 c:/program files (x86)/atmel/atmel studio 6.0/extensions/atmel/avrgcc/3.4.1.95/avrtoolchain/bin/../lib/gcc/avr/4.6.2/avr51\libgcc.a(_udivmodqi4.o)
 .debug_aranges
                0x00000538       0x20 c:/program files (x86)/atmel/atmel studio 6.0/extensions/atmel/avrgcc/3.4.1.95/avrtoolchain/bin/../lib/gcc/avr/4.6.2/avr51\libgcc.a(_divmodhi4.o)
 .debug_aranges
                0x00000558       0x20 c:/program files (x86)/atmel/atmel studio 6.0/extensions/atmel/avrgcc/3.4.1.95/avrtoolchain/bin/../lib/gcc/avr/4.6.2/avr51\libgcc.a(_udivmodsi4.o)
 .debug_aranges
                0x00000578       0x20 c:/program files (x86)/atmel/atmel studio 6.0/extensions/atmel/avrgcc/3.4.1.95/avrtoolchain/bin/../lib/gcc/avr/4.6.2/avr51\libgcc.a(_exit.o)
 .debug_aranges
                0x00000598       0x20 c:/program files (x86)/atmel/atmel studio 6.0/extensions/atmel/avrgcc/3.4.1.95/avrtoolchain/bin/../lib/gcc/avr/4.6.2/avr51\libgcc.a(_copy_data.o)
 .debug_aranges
                0x000005b8       0x20 c:/program files (x86)/atmel/atmel studio 6.0/extensions/atmel/avrgcc/3.4.1.95/avrtoolchain/bin/../lib/gcc/avr/4.6.2/avr51\libgcc.a(_clear_bss.o)
 .debug_aranges
                0x000005d8       0x20 c:/program files (x86)/atmel/atmel studio 6.0/extensions/atmel/avrgcc/3.4.1.95/avrtoolchain/bin/../lib/gcc/avr/4.6.2/avr51\libgcc.a(_udivmodhi4.o)
 .debug_aranges
                0x000005f8       0x38 c:/program files (x86)/atmel/atmel studio 6.0/extensions/atmel/avrgcc/3.4.1.95/avrtoolchain/bin/../lib/gcc/avr/4.6.2/../../../../avr/lib/avr51\libc.a(rand.o)
 .debug_aranges
                0x00000630       0x20 c:/program files (x86)/atmel/atmel studio 6.0/extensions/atmel/avrgcc/3.4.1.95/avrtoolchain/bin/../lib/gcc/avr/4.6.2/avr51\libgcc.a(_divmodsi4.o)

.debug_pubnames
 *(.debug_pubnames)

.debug_info     0x00000000     0x50ff
 *(.debug_info)
 .debug_info    0x00000000       0xb4 stack/hal/atmega128rfa1/src/hal.o
 .debug_info    0x000000b4      0x117 stack/hal/atmega128rfa1/src/halTimer.o
 .debug_info    0x000001cb      0x751 stack/phy/atmega128rfa1/src/phy.o
 .debug_info    0x0000091c      0x137 stack/hal/atmega128rfa1/src/halSleep.o
 .debug_info    0x00000a53      0x2e7 stack/hal/atmega128rfa1/src/halUart.o
 .debug_info    0x00000d3a      0x2d2 stack/nwk/src/nwk.o
 .debug_info    0x0000100c      0x6ae stack/nwk/src/nwkDataReq.o
 .debug_info    0x000016ba       0x69 stack/nwk/src/nwkSecurity.o
 .debug_info    0x00001723      0x53f stack/nwk/src/nwkFrame.o
 .debug_info    0x00001c62      0x727 stack/nwk/src/nwkRoute.o
 .debug_info    0x00002389      0x95c stack/nwk/src/nwkRx.o
 .debug_info    0x00002ce5      0x7d4 stack/nwk/src/nwkTx.o
 .debug_info    0x000034b9       0x90 stack/sys/src/sys.o
 .debug_info    0x00003549      0x2eb stack/sys/src/sysTimer.o
 .debug_info    0x00003834       0x62 stack/sys/src/sysEncrypt.o
 .debug_info    0x00003896      0xe82 FoolsLantern.o
 .debug_info    0x00004718       0x7c LED2812.o
 .debug_info    0x00004794       0x7d OutPortE.o
 .debug_info    0x00004811       0xde c:/program files (x86)/atmel/atmel studio 6.0/extensions/atmel/avrgcc/3.4.1.95/avrtoolchain/bin/../lib/gcc/avr/4.6.2/avr51\libgcc.a(_mulsi3.o)
 .debug_info    0x000048ef       0xde c:/program files (x86)/atmel/atmel studio 6.0/extensions/atmel/avrgcc/3.4.1.95/avrtoolchain/bin/../lib/gcc/avr/4.6.2/avr51\libgcc.a(_udivmodqi4.o)
 .debug_info    0x000049cd       0xde c:/program files (x86)/atmel/atmel studio 6.0/extensions/atmel/avrgcc/3.4.1.95/avrtoolchain/bin/../lib/gcc/avr/4.6.2/avr51\libgcc.a(_divmodhi4.o)
 .debug_info    0x00004aab       0xde c:/program files (x86)/atmel/atmel studio 6.0/extensions/atmel/avrgcc/3.4.1.95/avrtoolchain/bin/../lib/gcc/avr/4.6.2/avr51\libgcc.a(_udivmodsi4.o)
 .debug_info    0x00004b89       0xde c:/program files (x86)/atmel/atmel studio 6.0/extensions/atmel/avrgcc/3.4.1.95/avrtoolchain/bin/../lib/gcc/avr/4.6.2/avr51\libgcc.a(_exit.o)
 .debug_info    0x00004c67       0xde c:/program files (x86)/atmel/atmel studio 6.0/extensions/atmel/avrgcc/3.4.1.95/avrtoolchain/bin/../lib/gcc/avr/4.6.2/avr51\libgcc.a(_copy_data.o)
 .debug_info    0x00004d45       0xde c:/program files (x86)/atmel/atmel studio 6.0/extensions/atmel/avrgcc/3.4.1.95/avrtoolchain/bin/../lib/gcc/avr/4.6.2/avr51\libgcc.a(_clear_bss.o)
 .debug_info    0x00004e23       0xde c:/program files (x86)/atmel/atmel studio 6.0/extensions/atmel/avrgcc/3.4.1.95/avrtoolchain/bin/../lib/gcc/avr/4.6.2/avr51\libgcc.a(_udivmodhi4.o)
 .debug_info    0x00004f01      0x120 c:/program files (x86)/atmel/atmel studio 6.0/extensions/atmel/avrgcc/3.4.1.95/avrtoolchain/bin/../lib/gcc/avr/4.6.2/../../../../avr/lib/avr51\libc.a(rand.o)
 .debug_info    0x00005021       0xde c:/program files (x86)/atmel/atmel studio 6.0/extensions/atmel/avrgcc/3.4.1.95/avrtoolchain/bin/../lib/gcc/avr/4.6.2/avr51\libgcc.a(_divmodsi4.o)
 *(.gnu.linkonce.wi.*)

.debug_abbrev   0x00000000     0x145a
 *(.debug_abbrev)
 .debug_abbrev  0x00000000       0x74 stack/hal/atmega128rfa1/src/hal.o
 .debug_abbrev  0x00000074       0xae stack/hal/atmega128rfa1/src/halTimer.o
 .debug_abbrev  0x00000122      0x1ed stack/phy/atmega128rfa1/src/phy.o
 .debug_abbrev  0x0000030f       0x9c stack/hal/atmega128rfa1/src/halSleep.o
 .debug_abbrev  0x000003ab       0xff stack/hal/atmega128rfa1/src/halUart.o
 .debug_abbrev  0x000004aa      0x130 stack/nwk/src/nwk.o
 .debug_abbrev  0x000005da      0x1ae stack/nwk/src/nwkDataReq.o
 .debug_abbrev  0x00000788       0x2c stack/nwk/src/nwkSecurity.o
 .debug_abbrev  0x000007b4      0x17f stack/nwk/src/nwkFrame.o
 .debug_abbrev  0x00000933      0x1b7 stack/nwk/src/nwkRoute.o
 .debug_abbrev  0x00000aea      0x237 stack/nwk/src/nwkRx.o
 .debug_abbrev  0x00000d21      0x1eb stack/nwk/src/nwkTx.o
 .debug_abbrev  0x00000f0c       0x43 stack/sys/src/sys.o
 .debug_abbrev  0x00000f4f      0x13d stack/sys/src/sysTimer.o
 .debug_abbrev  0x0000108c       0x2c stack/sys/src/sysEncrypt.o
 .debug_abbrev  0x000010b8      0x1f9 FoolsLantern.o
 .debug_abbrev  0x000012b1       0x14 LED2812.o
 .debug_abbrev  0x000012c5       0x14 OutPortE.o
 .debug_abbrev  0x000012d9       0x14 c:/program files (x86)/atmel/atmel studio 6.0/extensions/atmel/avrgcc/3.4.1.95/avrtoolchain/bin/../lib/gcc/avr/4.6.2/avr51\libgcc.a(_mulsi3.o)
 .debug_abbrev  0x000012ed       0x14 c:/program files (x86)/atmel/atmel studio 6.0/extensions/atmel/avrgcc/3.4.1.95/avrtoolchain/bin/../lib/gcc/avr/4.6.2/avr51\libgcc.a(_udivmodqi4.o)
 .debug_abbrev  0x00001301       0x14 c:/program files (x86)/atmel/atmel studio 6.0/extensions/atmel/avrgcc/3.4.1.95/avrtoolchain/bin/../lib/gcc/avr/4.6.2/avr51\libgcc.a(_divmodhi4.o)
 .debug_abbrev  0x00001315       0x14 c:/program files (x86)/atmel/atmel studio 6.0/extensions/atmel/avrgcc/3.4.1.95/avrtoolchain/bin/../lib/gcc/avr/4.6.2/avr51\libgcc.a(_udivmodsi4.o)
 .debug_abbrev  0x00001329       0x14 c:/program files (x86)/atmel/atmel studio 6.0/extensions/atmel/avrgcc/3.4.1.95/avrtoolchain/bin/../lib/gcc/avr/4.6.2/avr51\libgcc.a(_exit.o)
 .debug_abbrev  0x0000133d       0x14 c:/program files (x86)/atmel/atmel studio 6.0/extensions/atmel/avrgcc/3.4.1.95/avrtoolchain/bin/../lib/gcc/avr/4.6.2/avr51\libgcc.a(_copy_data.o)
 .debug_abbrev  0x00001351       0x14 c:/program files (x86)/atmel/atmel studio 6.0/extensions/atmel/avrgcc/3.4.1.95/avrtoolchain/bin/../lib/gcc/avr/4.6.2/avr51\libgcc.a(_clear_bss.o)
 .debug_abbrev  0x00001365       0x14 c:/program files (x86)/atmel/atmel studio 6.0/extensions/atmel/avrgcc/3.4.1.95/avrtoolchain/bin/../lib/gcc/avr/4.6.2/avr51\libgcc.a(_udivmodhi4.o)
 .debug_abbrev  0x00001379       0xcd c:/program files (x86)/atmel/atmel studio 6.0/extensions/atmel/avrgcc/3.4.1.95/avrtoolchain/bin/../lib/gcc/avr/4.6.2/../../../../avr/lib/avr51\libc.a(rand.o)
 .debug_abbrev  0x00001446       0x14 c:/program files (x86)/atmel/atmel studio 6.0/extensions/atmel/avrgcc/3.4.1.95/avrtoolchain/bin/../lib/gcc/avr/4.6.2/avr51\libgcc.a(_divmodsi4.o)

.debug_line     0x00000000     0x4d8d
 *(.debug_line)
 .debug_line    0x00000000      0x319 stack/hal/atmega128rfa1/src/hal.o
 .debug_line    0x00000319      0x352 stack/hal/atmega128rfa1/src/halTimer.o
 .debug_line    0x0000066b      0x503 stack/phy/atmega128rfa1/src/phy.o
 .debug_line    0x00000b6e      0x35c stack/hal/atmega128rfa1/src/halSleep.o
 .debug_line    0x00000eca      0x3e7 stack/hal/atmega128rfa1/src/halUart.o
 .debug_line    0x000012b1      0x44e stack/nwk/src/nwk.o
 .debug_line    0x000016ff      0x423 stack/nwk/src/nwkDataReq.o
 .debug_line    0x00001b22      0x367 stack/nwk/src/nwkSecurity.o
 .debug_line    0x00001e89      0x3d7 stack/nwk/src/nwkFrame.o
 .debug_line    0x00002260      0x496 stack/nwk/src/nwkRoute.o
 .debug_line    0x000026f6      0x5ef stack/nwk/src/nwkRx.o
 .debug_line    0x00002ce5      0x4fe stack/nwk/src/nwkTx.o
 .debug_line    0x000031e3      0x3a3 stack/sys/src/sys.o
 .debug_line    0x00003586      0x3e6 stack/sys/src/sysTimer.o
 .debug_line    0x0000396c      0x36b stack/sys/src/sysEncrypt.o
 .debug_line    0x00003cd7      0xa2d FoolsLantern.o
 .debug_line    0x00004704       0x5a LED2812.o
 .debug_line    0x0000475e       0x3f OutPortE.o
 .debug_line    0x0000479d       0xa5 c:/program files (x86)/atmel/atmel studio 6.0/extensions/atmel/avrgcc/3.4.1.95/avrtoolchain/bin/../lib/gcc/avr/4.6.2/avr51\libgcc.a(_mulsi3.o)
 .debug_line    0x00004842       0x92 c:/program files (x86)/atmel/atmel studio 6.0/extensions/atmel/avrgcc/3.4.1.95/avrtoolchain/bin/../lib/gcc/avr/4.6.2/avr51\libgcc.a(_udivmodqi4.o)
 .debug_line    0x000048d4       0x99 c:/program files (x86)/atmel/atmel studio 6.0/extensions/atmel/avrgcc/3.4.1.95/avrtoolchain/bin/../lib/gcc/avr/4.6.2/avr51\libgcc.a(_divmodhi4.o)
 .debug_line    0x0000496d       0xa8 c:/program files (x86)/atmel/atmel studio 6.0/extensions/atmel/avrgcc/3.4.1.95/avrtoolchain/bin/../lib/gcc/avr/4.6.2/avr51\libgcc.a(_udivmodsi4.o)
 .debug_line    0x00004a15       0x88 c:/program files (x86)/atmel/atmel studio 6.0/extensions/atmel/avrgcc/3.4.1.95/avrtoolchain/bin/../lib/gcc/avr/4.6.2/avr51\libgcc.a(_exit.o)
 .debug_line    0x00004a9d       0x96 c:/program files (x86)/atmel/atmel studio 6.0/extensions/atmel/avrgcc/3.4.1.95/avrtoolchain/bin/../lib/gcc/avr/4.6.2/avr51\libgcc.a(_copy_data.o)
 .debug_line    0x00004b33       0x8e c:/program files (x86)/atmel/atmel studio 6.0/extensions/atmel/avrgcc/3.4.1.95/avrtoolchain/bin/../lib/gcc/avr/4.6.2/avr51\libgcc.a(_clear_bss.o)
 .debug_line    0x00004bc1       0x9a c:/program files (x86)/atmel/atmel studio 6.0/extensions/atmel/avrgcc/3.4.1.95/avrtoolchain/bin/../lib/gcc/avr/4.6.2/avr51\libgcc.a(_udivmodhi4.o)
 .debug_line    0x00004c5b       0x91 c:/program files (x86)/atmel/atmel studio 6.0/extensions/atmel/avrgcc/3.4.1.95/avrtoolchain/bin/../lib/gcc/avr/4.6.2/../../../../avr/lib/avr51\libc.a(rand.o)
 .debug_line    0x00004cec       0xa1 c:/program files (x86)/atmel/atmel studio 6.0/extensions/atmel/avrgcc/3.4.1.95/avrtoolchain/bin/../lib/gcc/avr/4.6.2/avr51\libgcc.a(_divmodsi4.o)

.debug_frame    0x00000000     0x105c
 *(.debug_frame)
 .debug_frame   0x00000000       0x54 stack/hal/atmega128rfa1/src/hal.o
 .debug_frame   0x00000054       0xac stack/hal/atmega128rfa1/src/halTimer.o
 .debug_frame   0x00000100      0x258 stack/phy/atmega128rfa1/src/phy.o
 .debug_frame   0x00000358       0x60 stack/hal/atmega128rfa1/src/halSleep.o
 .debug_frame   0x000003b8      0x12c stack/hal/atmega128rfa1/src/halUart.o
 .debug_frame   0x000004e4      0x114 stack/nwk/src/nwk.o
 .debug_frame   0x000005f8       0xf4 stack/nwk/src/nwkDataReq.o
 .debug_frame   0x000006ec       0xb4 stack/nwk/src/nwkFrame.o
 .debug_frame   0x000007a0      0x194 stack/nwk/src/nwkRoute.o
 .debug_frame   0x00000934      0x194 stack/nwk/src/nwkRx.o
 .debug_frame   0x00000ac8      0x160 stack/nwk/src/nwkTx.o
 .debug_frame   0x00000c28       0x54 stack/sys/src/sys.o
 .debug_frame   0x00000c7c       0xfc stack/sys/src/sysTimer.o
 .debug_frame   0x00000d78      0x25c FoolsLantern.o
 .debug_frame   0x00000fd4       0x88 c:/program files (x86)/atmel/atmel studio 6.0/extensions/atmel/avrgcc/3.4.1.95/avrtoolchain/bin/../lib/gcc/avr/4.6.2/../../../../avr/lib/avr51\libc.a(rand.o)

.debug_str      0x00000000     0x1c6e
 *(.debug_str)
 .debug_str     0x00000000       0xd2 stack/hal/atmega128rfa1/src/hal.o
                                0x106 (size before relaxing)
 .debug_str     0x000000d2       0x84 stack/hal/atmega128rfa1/src/halTimer.o
                                0x14f (size before relaxing)
 .debug_str     0x00000156      0x604 stack/phy/atmega128rfa1/src/phy.o
                                0x6d6 (size before relaxing)
 .debug_str     0x0000075a       0x90 stack/hal/atmega128rfa1/src/halSleep.o
                                0x161 (size before relaxing)
 .debug_str     0x000007ea       0xe7 stack/hal/atmega128rfa1/src/halUart.o
                                0x1d4 (size before relaxing)
 .debug_str     0x000008d1       0xea stack/nwk/src/nwk.o
                                0x1dc (size before relaxing)
 .debug_str     0x000009bb      0x31e stack/nwk/src/nwkDataReq.o
                                0x47e (size before relaxing)
 .debug_str     0x00000cd9       0x22 stack/nwk/src/nwkSecurity.o
                                 0xe2 (size before relaxing)
 .debug_str     0x00000cfb       0x8f stack/nwk/src/nwkFrame.o
                                0x363 (size before relaxing)
 .debug_str     0x00000d8a      0x171 stack/nwk/src/nwkRoute.o
                                0x453 (size before relaxing)
 .debug_str     0x00000efb      0x30b stack/nwk/src/nwkRx.o
                                0x5b6 (size before relaxing)
 .debug_str     0x00001206      0x217 stack/nwk/src/nwkTx.o
                                0x5b0 (size before relaxing)
 .debug_str     0x0000141d       0x33 stack/sys/src/sys.o
                                 0xed (size before relaxing)
 .debug_str     0x00001450       0x8a stack/sys/src/sysTimer.o
                                0x1ef (size before relaxing)
 .debug_str     0x000014da       0x21 stack/sys/src/sysEncrypt.o
                                 0xdb (size before relaxing)
 .debug_str     0x000014fb      0x709 FoolsLantern.o
                                0x9cc (size before relaxing)
 .debug_str     0x00001c04       0x6a c:/program files (x86)/atmel/atmel studio 6.0/extensions/atmel/avrgcc/3.4.1.95/avrtoolchain/bin/../lib/gcc/avr/4.6.2/../../../../avr/lib/avr51\libc.a(rand.o)
                                 0xa8 (size before relaxing)

.debug_loc      0x00000000     0x2113
 *(.debug_loc)
 .debug_loc     0x00000000       0x83 stack/hal/atmega128rfa1/src/hal.o
 .debug_loc     0x00000083      0x147 stack/hal/atmega128rfa1/src/halTimer.o
 .debug_loc     0x000001ca      0x4ee stack/phy/atmega128rfa1/src/phy.o
 .debug_loc     0x000006b8       0x9d stack/hal/atmega128rfa1/src/halSleep.o
 .debug_loc     0x00000755      0x273 stack/hal/atmega128rfa1/src/halUart.o
 .debug_loc     0x000009c8      0x20c stack/nwk/src/nwk.o
 .debug_loc     0x00000bd4      0x1de stack/nwk/src/nwkDataReq.o
 .debug_loc     0x00000db2      0x168 stack/nwk/src/nwkFrame.o
 .debug_loc     0x00000f1a      0x346 stack/nwk/src/nwkRoute.o
 .debug_loc     0x00001260      0x339 stack/nwk/src/nwkRx.o
 .debug_loc     0x00001599      0x2c3 stack/nwk/src/nwkTx.o
 .debug_loc     0x0000185c       0x76 stack/sys/src/sys.o
 .debug_loc     0x000018d2      0x1f1 stack/sys/src/sysTimer.o
 .debug_loc     0x00001ac3      0x4e9 FoolsLantern.o
 .debug_loc     0x00001fac      0x167 c:/program files (x86)/atmel/atmel studio 6.0/extensions/atmel/avrgcc/3.4.1.95/avrtoolchain/bin/../lib/gcc/avr/4.6.2/../../../../avr/lib/avr51\libc.a(rand.o)

.debug_macinfo  0x00000000   0x1207e6
 *(.debug_macinfo)
 .debug_macinfo
                0x00000000    0x1119a stack/hal/atmega128rfa1/src/hal.o
 .debug_macinfo
                0x0001119a    0x111ae stack/hal/atmega128rfa1/src/halTimer.o
 .debug_macinfo
                0x00022348    0x1265e stack/phy/atmega128rfa1/src/phy.o
 .debug_macinfo
                0x000349a6    0x11217 stack/hal/atmega128rfa1/src/halSleep.o
 .debug_macinfo
                0x00045bbd    0x117e7 stack/hal/atmega128rfa1/src/halUart.o
 .debug_macinfo
                0x000573a4    0x12b93 stack/nwk/src/nwk.o
 .debug_macinfo
                0x00069f37    0x11ca8 stack/nwk/src/nwkDataReq.o
 .debug_macinfo
                0x0007bbdf    0x11cc3 stack/nwk/src/nwkSecurity.o
 .debug_macinfo
                0x0008d8a2    0x11ca8 stack/nwk/src/nwkFrame.o
 .debug_macinfo
                0x0009f54a    0x11b01 stack/nwk/src/nwkRoute.o
 .debug_macinfo
                0x000b104b    0x12c61 stack/nwk/src/nwkRx.o
 .debug_macinfo
                0x000c3cac    0x12bd0 stack/nwk/src/nwkTx.o
 .debug_macinfo
                0x000d687c    0x12698 stack/sys/src/sys.o
 .debug_macinfo
                0x000e8f14    0x114d3 stack/sys/src/sysTimer.o
 .debug_macinfo
                0x000fa3e7    0x12808 stack/sys/src/sysEncrypt.o
 .debug_macinfo
                0x0010cbef    0x13bf7 FoolsLantern.o
OUTPUT(FoolsLantern.elf elf32-avr)
LOAD linker stubs

.debug_ranges   0x00000000      0x418
 .debug_ranges  0x00000000       0x18 stack/hal/atmega128rfa1/src/hal.o
 .debug_ranges  0x00000018       0x28 stack/hal/atmega128rfa1/src/halTimer.o
 .debug_ranges  0x00000040       0x80 stack/phy/atmega128rfa1/src/phy.o
 .debug_ranges  0x000000c0       0x30 stack/hal/atmega128rfa1/src/halSleep.o
 .debug_ranges  0x000000f0       0x38 stack/hal/atmega128rfa1/src/halUart.o
 .debug_ranges  0x00000128       0x48 stack/nwk/src/nwk.o
 .debug_ranges  0x00000170       0x40 stack/nwk/src/nwkDataReq.o
 .debug_ranges  0x000001b0       0x30 stack/nwk/src/nwkFrame.o
 .debug_ranges  0x000001e0       0x68 stack/nwk/src/nwkRoute.o
 .debug_ranges  0x00000248       0x68 stack/nwk/src/nwkRx.o
 .debug_ranges  0x000002b0       0x58 stack/nwk/src/nwkTx.o
 .debug_ranges  0x00000308       0x18 stack/sys/src/sys.o
 .debug_ranges  0x00000320       0x38 stack/sys/src/sysTimer.o
 .debug_ranges  0x00000358       0x98 FoolsLantern.o
 .debug_ranges  0x000003f0       0x28 c:/program files (x86)/atmel/atmel studio 6.0/extensions/atmel/avrgcc/3.4.1.95/avrtoolchain/bin/../lib/gcc/avr/4.6.2/../../../../avr/lib/avr51\libc.a(rand.o)
